============================= test session starts =============================
platform win32 -- Python 3.10.6, pytest-9.0.3, pluggy-1.6.0
rootdir: E:\CRM_Cocoonz\backend
plugins: anyio-4.13.0
collected 28 items

test_fee_crm.py ..................F..FFF....                             [100%]

================================== FAILURES ===================================
____________________ test_assign_student_fees_and_discount ____________________
  + Exception Group Traceback (most recent call last):
  |   File "E:\CRM_Cocoonz\venv\lib\site-packages\starlette\_utils.py", line 81, in collapse_excgroups
  |     yield
  |   File "E:\CRM_Cocoonz\venv\lib\site-packages\starlette\middleware\base.py", line 192, in __call__
  |     async with anyio.create_task_group() as task_group:
  |   File "E:\CRM_Cocoonz\venv\lib\site-packages\anyio\_backends\_asyncio.py", line 799, in __aexit__
  |     raise BaseExceptionGroup(
  | exceptiongroup.ExceptionGroup: unhandled errors in a TaskGroup (1 sub-exception)
  +-+---------------- 1 ----------------
    | Traceback (most recent call last):
    |   File "E:\CRM_Cocoonz\venv\lib\site-packages\_pytest\runner.py", line 353, in from_call
    |     result: TResult | None = func()
    |   File "E:\CRM_Cocoonz\venv\lib\site-packages\_pytest\runner.py", line 245, in <lambda>
    |     lambda: runtest_hook(item=item, **kwds),
    |   File "E:\CRM_Cocoonz\venv\lib\site-packages\pluggy\_hooks.py", line 512, in __call__
    |     return self._hookexec(self.name, self._hookimpls.copy(), kwargs, firstresult)
    |   File "E:\CRM_Cocoonz\venv\lib\site-packages\pluggy\_manager.py", line 120, in _hookexec
    |     return self._inner_hookexec(hook_name, methods, kwargs, firstresult)
    |   File "E:\CRM_Cocoonz\venv\lib\site-packages\pluggy\_callers.py", line 167, in _multicall
    |     raise exception
    |   File "E:\CRM_Cocoonz\venv\lib\site-packages\pluggy\_callers.py", line 139, in _multicall
    |     teardown.throw(exception)
    |   File "E:\CRM_Cocoonz\venv\lib\site-packages\_pytest\logging.py", line 850, in pytest_runtest_call
    |     yield
    |   File "E:\CRM_Cocoonz\venv\lib\site-packages\pluggy\_callers.py", line 139, in _multicall
    |     teardown.throw(exception)
    |   File "E:\CRM_Cocoonz\venv\lib\site-packages\_pytest\capture.py", line 900, in pytest_runtest_call
    |     return (yield)
    |   File "E:\CRM_Cocoonz\venv\lib\site-packages\pluggy\_callers.py", line 139, in _multicall
    |     teardown.throw(exception)
    |   File "E:\CRM_Cocoonz\venv\lib\site-packages\_pytest\skipping.py", line 268, in pytest_runtest_call
    |     return (yield)
    |   File "E:\CRM_Cocoonz\venv\lib\site-packages\pluggy\_callers.py", line 121, in _multicall
    |     res = hook_impl.function(*args)
    |   File "E:\CRM_Cocoonz\venv\lib\site-packages\_pytest\runner.py", line 179, in pytest_runtest_call
    |     item.runtest()
    |   File "E:\CRM_Cocoonz\venv\lib\site-packages\_pytest\python.py", line 1720, in runtest
    |     self.ihook.pytest_pyfunc_call(pyfuncitem=self)
    |   File "E:\CRM_Cocoonz\venv\lib\site-packages\pluggy\_hooks.py", line 512, in __call__
    |     return self._hookexec(self.name, self._hookimpls.copy(), kwargs, firstresult)
    |   File "E:\CRM_Cocoonz\venv\lib\site-packages\pluggy\_manager.py", line 120, in _hookexec
    |     return self._inner_hookexec(hook_name, methods, kwargs, firstresult)
    |   File "E:\CRM_Cocoonz\venv\lib\site-packages\pluggy\_callers.py", line 167, in _multicall
    |     raise exception
    |   File "E:\CRM_Cocoonz\venv\lib\site-packages\pluggy\_callers.py", line 121, in _multicall
    |     res = hook_impl.function(*args)
    |   File "E:\CRM_Cocoonz\venv\lib\site-packages\_pytest\python.py", line 166, in pytest_pyfunc_call
    |     result = testfunction(**testargs)
    |   File "E:\CRM_Cocoonz\backend\test_fee_crm.py", line 252, in test_assign_student_fees_and_discount
    |     res = client.post(f"/api/students/{student_id}/assign-fee", json={}, headers=headers)
    |   File "E:\CRM_Cocoonz\venv\lib\site-packages\starlette\testclient.py", line 560, in post
    |     return super().post(
    |   File "E:\CRM_Cocoonz\venv\lib\site-packages\httpx\_client.py", line 1144, in post
    |     return self.request(
    |   File "E:\CRM_Cocoonz\venv\lib\site-packages\starlette\testclient.py", line 459, in request
    |     return super().request(
    |   File "E:\CRM_Cocoonz\venv\lib\site-packages\httpx\_client.py", line 825, in request
    |     return self.send(request, auth=auth, follow_redirects=follow_redirects)
    |   File "E:\CRM_Cocoonz\venv\lib\site-packages\httpx\_client.py", line 914, in send
    |     response = self._send_handling_auth(
    |   File "E:\CRM_Cocoonz\venv\lib\site-packages\httpx\_client.py", line 942, in _send_handling_auth
    |     response = self._send_handling_redirects(
    |   File "E:\CRM_Cocoonz\venv\lib\site-packages\httpx\_client.py", line 979, in _send_handling_redirects
    |     response = self._send_single_request(request)
    |   File "E:\CRM_Cocoonz\venv\lib\site-packages\httpx\_client.py", line 1014, in _send_single_request
    |     response = transport.handle_request(request)
    |   File "E:\CRM_Cocoonz\venv\lib\site-packages\starlette\testclient.py", line 362, in handle_request
    |     raise exc
    |   File "E:\CRM_Cocoonz\venv\lib\site-packages\starlette\testclient.py", line 359, in handle_request
    |     portal.call(self.app, scope, receive, send)
    |   File "E:\CRM_Cocoonz\venv\lib\site-packages\anyio\from_thread.py", line 334, in call
    |     return cast(T_Retval, self.start_task_soon(func, *args).result())
    |   File "C:\Users\khmee\AppData\Local\Programs\Python\Python310\lib\concurrent\futures\_base.py", line 458, in result
    |     return self.__get_result()
    |   File "C:\Users\khmee\AppData\Local\Programs\Python\Python310\lib\concurrent\futures\_base.py", line 403, in __get_result
    |     raise self._exception
    |   File "E:\CRM_Cocoonz\venv\lib\site-packages\anyio\from_thread.py", line 259, in _call_func
    |     retval = await retval_or_awaitable
    |   File "E:\CRM_Cocoonz\venv\lib\site-packages\fastapi\applications.py", line 1159, in __call__
    |     await super().__call__(scope, receive, send)
    |   File "E:\CRM_Cocoonz\venv\lib\site-packages\starlette\applications.py", line 90, in __call__
    |     await self.middleware_stack(scope, receive, send)
    |   File "E:\CRM_Cocoonz\venv\lib\site-packages\starlette\middleware\errors.py", line 186, in __call__
    |     raise exc
    |   File "E:\CRM_Cocoonz\venv\lib\site-packages\starlette\middleware\errors.py", line 164, in __call__
    |     await self.app(scope, receive, _send)
    |   File "E:\CRM_Cocoonz\venv\lib\site-packages\starlette\middleware\base.py", line 191, in __call__
    |     with recv_stream, send_stream, collapse_excgroups():
    |   File "C:\Users\khmee\AppData\Local\Programs\Python\Python310\lib\contextlib.py", line 153, in __exit__
    |     self.gen.throw(typ, value, traceback)
    |   File "E:\CRM_Cocoonz\venv\lib\site-packages\starlette\_utils.py", line 87, in collapse_excgroups
    |     raise exc
    |   File "E:\CRM_Cocoonz\venv\lib\site-packages\starlette\middleware\base.py", line 193, in __call__
    |     response = await self.dispatch_func(request, call_next)
    |   File "E:\CRM_Cocoonz\backend\main.py", line 223, in csrf_middleware
    |     response = await call_next(request)
    |   File "E:\CRM_Cocoonz\venv\lib\site-packages\starlette\middleware\base.py", line 168, in call_next
    |     raise app_exc from app_exc.__cause__ or app_exc.__context__
    |   File "E:\CRM_Cocoonz\venv\lib\site-packages\starlette\middleware\base.py", line 144, in coro
    |     await self.app(scope, receive_or_disconnect, send_no_error)
    |   File "E:\CRM_Cocoonz\venv\lib\site-packages\starlette\middleware\base.py", line 191, in __call__
    |     with recv_stream, send_stream, collapse_excgroups():
    |   File "C:\Users\khmee\AppData\Local\Programs\Python\Python310\lib\contextlib.py", line 153, in __exit__
    |     self.gen.throw(typ, value, traceback)
    |   File "E:\CRM_Cocoonz\venv\lib\site-packages\starlette\_utils.py", line 87, in collapse_excgroups
    |     raise exc
    |   File "E:\CRM_Cocoonz\venv\lib\site-packages\starlette\middleware\base.py", line 193, in __call__
    |     response = await self.dispatch_func(request, call_next)
    |   File "E:\CRM_Cocoonz\backend\main.py", line 106, in access_log_middleware
    |     response = await call_next(request)
    |   File "E:\CRM_Cocoonz\venv\lib\site-packages\starlette\middleware\base.py", line 168, in call_next
    |     raise app_exc from app_exc.__cause__ or app_exc.__context__
    |   File "E:\CRM_Cocoonz\venv\lib\site-packages\starlette\middleware\base.py", line 144, in coro
    |     await self.app(scope, receive_or_disconnect, send_no_error)
    |   File "E:\CRM_Cocoonz\venv\lib\site-packages\starlette\middleware\cors.py", line 88, in __call__
    |     await self.app(scope, receive, send)
    |   File "E:\CRM_Cocoonz\venv\lib\site-packages\asgi_correlation_id\middleware.py", line 90, in __call__
    |     await self.app(scope, receive, handle_outgoing_request)
    |   File "E:\CRM_Cocoonz\venv\lib\site-packages\starlette\middleware\exceptions.py", line 63, in __call__
    |     await wrap_app_handling_exceptions(self.app, conn)(scope, receive, send)
    |   File "E:\CRM_Cocoonz\venv\lib\site-packages\starlette\_exception_handler.py", line 53, in wrapped_app
    |     raise exc
    |   File "E:\CRM_Cocoonz\venv\lib\site-packages\starlette\_exception_handler.py", line 42, in wrapped_app
    |     await app(scope, receive, sender)
    |   File "E:\CRM_Cocoonz\venv\lib\site-packages\fastapi\middleware\asyncexitstack.py", line 18, in __call__
    |     await self.app(scope, receive, send)
    |   File "E:\CRM_Cocoonz\venv\lib\site-packages\starlette\routing.py", line 660, in __call__
    |     await self.middleware_stack(scope, receive, send)
    |   File "E:\CRM_Cocoonz\venv\lib\site-packages\starlette\routing.py", line 680, in app
    |     await route.handle(scope, receive, send)
    |   File "E:\CRM_Cocoonz\venv\lib\site-packages\starlette\routing.py", line 276, in handle
    |     await self.app(scope, receive, send)
    |   File "E:\CRM_Cocoonz\venv\lib\site-packages\fastapi\routing.py", line 134, in app
    |     await wrap_app_handling_exceptions(app, request)(scope, receive, send)
    |   File "E:\CRM_Cocoonz\venv\lib\site-packages\starlette\_exception_handler.py", line 53, in wrapped_app
    |     raise exc
    |   File "E:\CRM_Cocoonz\venv\lib\site-packages\starlette\_exception_handler.py", line 42, in wrapped_app
    |     await app(scope, receive, sender)
    |   File "E:\CRM_Cocoonz\venv\lib\site-packages\fastapi\routing.py", line 120, in app
    |     response = await f(request)
    |   File "E:\CRM_Cocoonz\venv\lib\site-packages\fastapi\routing.py", line 674, in app
    |     raw_response = await run_endpoint_function(
    |   File "E:\CRM_Cocoonz\venv\lib\site-packages\fastapi\routing.py", line 330, in run_endpoint_function
    |     return await run_in_threadpool(dependant.call, **values)
    |   File "E:\CRM_Cocoonz\venv\lib\site-packages\starlette\concurrency.py", line 32, in run_in_threadpool
    |     return await anyio.to_thread.run_sync(func)
    |   File "E:\CRM_Cocoonz\venv\lib\site-packages\anyio\to_thread.py", line 63, in run_sync
    |     return await get_async_backend().run_sync_in_worker_thread(
    |   File "E:\CRM_Cocoonz\venv\lib\site-packages\anyio\_backends\_asyncio.py", line 2518, in run_sync_in_worker_thread
    |     return await future
    |   File "E:\CRM_Cocoonz\venv\lib\site-packages\anyio\_backends\_asyncio.py", line 1002, in run
    |     result = context.run(func, *args)
    |   File "E:\CRM_Cocoonz\backend\main.py", line 962, in assign_fee_to_student
    |     legacy_summary = db.query(models.FeeSummary).filter(models.FeeSummary.student_id == id).first()
    | AttributeError: module 'models' has no attribute 'FeeSummary'
    +------------------------------------

The above exception was the direct cause of the following exception:

Traceback (most recent call last):
  File "E:\CRM_Cocoonz\backend\test_fee_crm.py", line 252, in test_assign_student_fees_and_discount
    res = client.post(f"/api/students/{student_id}/assign-fee", json={}, headers=headers)
  File "E:\CRM_Cocoonz\venv\lib\site-packages\starlette\testclient.py", line 560, in post
    return super().post(
  File "E:\CRM_Cocoonz\venv\lib\site-packages\httpx\_client.py", line 1144, in post
    return self.request(
  File "E:\CRM_Cocoonz\venv\lib\site-packages\starlette\testclient.py", line 459, in request
    return super().request(
  File "E:\CRM_Cocoonz\venv\lib\site-packages\httpx\_client.py", line 825, in request
    return self.send(request, auth=auth, follow_redirects=follow_redirects)
  File "E:\CRM_Cocoonz\venv\lib\site-packages\httpx\_client.py", line 914, in send
    response = self._send_handling_auth(
  File "E:\CRM_Cocoonz\venv\lib\site-packages\httpx\_client.py", line 942, in _send_handling_auth
    response = self._send_handling_redirects(
  File "E:\CRM_Cocoonz\venv\lib\site-packages\httpx\_client.py", line 979, in _send_handling_redirects
    response = self._send_single_request(request)
  File "E:\CRM_Cocoonz\venv\lib\site-packages\httpx\_client.py", line 1014, in _send_single_request
    response = transport.handle_request(request)
  File "E:\CRM_Cocoonz\venv\lib\site-packages\starlette\testclient.py", line 362, in handle_request
    raise exc
  File "E:\CRM_Cocoonz\venv\lib\site-packages\starlette\testclient.py", line 359, in handle_request
    portal.call(self.app, scope, receive, send)
  File "E:\CRM_Cocoonz\venv\lib\site-packages\anyio\from_thread.py", line 334, in call
    return cast(T_Retval, self.start_task_soon(func, *args).result())
  File "C:\Users\khmee\AppData\Local\Programs\Python\Python310\lib\concurrent\futures\_base.py", line 458, in result
    return self.__get_result()
  File "C:\Users\khmee\AppData\Local\Programs\Python\Python310\lib\concurrent\futures\_base.py", line 403, in __get_result
    raise self._exception
  File "E:\CRM_Cocoonz\venv\lib\site-packages\anyio\from_thread.py", line 259, in _call_func
    retval = await retval_or_awaitable
  File "E:\CRM_Cocoonz\venv\lib\site-packages\fastapi\applications.py", line 1159, in __call__
    await super().__call__(scope, receive, send)
  File "E:\CRM_Cocoonz\venv\lib\site-packages\starlette\applications.py", line 90, in __call__
    await self.middleware_stack(scope, receive, send)
  File "E:\CRM_Cocoonz\venv\lib\site-packages\starlette\middleware\errors.py", line 186, in __call__
    raise exc
  File "E:\CRM_Cocoonz\venv\lib\site-packages\starlette\middleware\errors.py", line 164, in __call__
    await self.app(scope, receive, _send)
  File "E:\CRM_Cocoonz\venv\lib\site-packages\starlette\middleware\base.py", line 191, in __call__
    with recv_stream, send_stream, collapse_excgroups():
  File "C:\Users\khmee\AppData\Local\Programs\Python\Python310\lib\contextlib.py", line 153, in __exit__
    self.gen.throw(typ, value, traceback)
  File "E:\CRM_Cocoonz\venv\lib\site-packages\starlette\_utils.py", line 87, in collapse_excgroups
    raise exc
  File "E:\CRM_Cocoonz\venv\lib\site-packages\starlette\middleware\base.py", line 193, in __call__
    response = await self.dispatch_func(request, call_next)
  File "E:\CRM_Cocoonz\backend\main.py", line 223, in csrf_middleware
    response = await call_next(request)
  File "E:\CRM_Cocoonz\venv\lib\site-packages\starlette\middleware\base.py", line 168, in call_next
    raise app_exc from app_exc.__cause__ or app_exc.__context__
  File "E:\CRM_Cocoonz\venv\lib\site-packages\starlette\middleware\base.py", line 144, in coro
    await self.app(scope, receive_or_disconnect, send_no_error)
  File "E:\CRM_Cocoonz\venv\lib\site-packages\starlette\middleware\base.py", line 191, in __call__
    with recv_stream, send_stream, collapse_excgroups():
  File "C:\Users\khmee\AppData\Local\Programs\Python\Python310\lib\contextlib.py", line 153, in __exit__
    self.gen.throw(typ, value, traceback)
  File "E:\CRM_Cocoonz\venv\lib\site-packages\starlette\_utils.py", line 87, in collapse_excgroups
    raise exc
  File "E:\CRM_Cocoonz\venv\lib\site-packages\starlette\middleware\base.py", line 193, in __call__
    response = await self.dispatch_func(request, call_next)
  File "E:\CRM_Cocoonz\backend\main.py", line 106, in access_log_middleware
    response = await call_next(request)
  File "E:\CRM_Cocoonz\venv\lib\site-packages\starlette\middleware\base.py", line 168, in call_next
    raise app_exc from app_exc.__cause__ or app_exc.__context__
  File "E:\CRM_Cocoonz\venv\lib\site-packages\starlette\middleware\base.py", line 144, in coro
    await self.app(scope, receive_or_disconnect, send_no_error)
  File "E:\CRM_Cocoonz\venv\lib\site-packages\starlette\middleware\cors.py", line 88, in __call__
    await self.app(scope, receive, send)
  File "E:\CRM_Cocoonz\venv\lib\site-packages\asgi_correlation_id\middleware.py", line 90, in __call__
    await self.app(scope, receive, handle_outgoing_request)
  File "E:\CRM_Cocoonz\venv\lib\site-packages\starlette\middleware\exceptions.py", line 63, in __call__
    await wrap_app_handling_exceptions(self.app, conn)(scope, receive, send)
  File "E:\CRM_Cocoonz\venv\lib\site-packages\starlette\_exception_handler.py", line 53, in wrapped_app
    raise exc
  File "E:\CRM_Cocoonz\venv\lib\site-packages\starlette\_exception_handler.py", line 42, in wrapped_app
    await app(scope, receive, sender)
  File "E:\CRM_Cocoonz\venv\lib\site-packages\fastapi\middleware\asyncexitstack.py", line 18, in __call__
    await self.app(scope, receive, send)
  File "E:\CRM_Cocoonz\venv\lib\site-packages\starlette\routing.py", line 660, in __call__
    await self.middleware_stack(scope, receive, send)
  File "E:\CRM_Cocoonz\venv\lib\site-packages\starlette\routing.py", line 680, in app
    await route.handle(scope, receive, send)
  File "E:\CRM_Cocoonz\venv\lib\site-packages\starlette\routing.py", line 276, in handle
    await self.app(scope, receive, send)
  File "E:\CRM_Cocoonz\venv\lib\site-packages\fastapi\routing.py", line 134, in app
    await wrap_app_handling_exceptions(app, request)(scope, receive, send)
  File "E:\CRM_Cocoonz\venv\lib\site-packages\starlette\_exception_handler.py", line 53, in wrapped_app
    raise exc
  File "E:\CRM_Cocoonz\venv\lib\site-packages\starlette\_exception_handler.py", line 42, in wrapped_app
    await app(scope, receive, sender)
  File "E:\CRM_Cocoonz\venv\lib\site-packages\fastapi\routing.py", line 120, in app
    response = await f(request)
  File "E:\CRM_Cocoonz\venv\lib\site-packages\fastapi\routing.py", line 674, in app
    raw_response = await run_endpoint_function(
  File "E:\CRM_Cocoonz\venv\lib\site-packages\fastapi\routing.py", line 330, in run_endpoint_function
    return await run_in_threadpool(dependant.call, **values)
  File "E:\CRM_Cocoonz\venv\lib\site-packages\starlette\concurrency.py", line 32, in run_in_threadpool
    return await anyio.to_thread.run_sync(func)
  File "E:\CRM_Cocoonz\venv\lib\site-packages\anyio\to_thread.py", line 63, in run_sync
    return await get_async_backend().run_sync_in_worker_thread(
  File "E:\CRM_Cocoonz\venv\lib\site-packages\anyio\_backends\_asyncio.py", line 2518, in run_sync_in_worker_thread
    return await future
  File "E:\CRM_Cocoonz\venv\lib\site-packages\anyio\_backends\_asyncio.py", line 1002, in run
    result = context.run(func, *args)
  File "E:\CRM_Cocoonz\backend\main.py", line 962, in assign_fee_to_student
    legacy_summary = db.query(models.FeeSummary).filter(models.FeeSummary.student_id == id).first()
AttributeError: module 'models' has no attribute 'FeeSummary'

The above exception was the direct cause of the following exception:

client = <starlette.testclient.TestClient object at 0x0000026B5ECAFA60>

    def test_assign_student_fees_and_discount(client):
>       res = client.post(f"/api/students/{student_id}/assign-fee", json={}, headers=headers)

test_fee_crm.py:252: 
_ _ _ _ _ _ _ _ _ _ _ _ _ _ _ _ _ _ _ _ _ _ _ _ _ _ _ _ _ _ _ _ _ _ _ _ _ _ _ _
..\venv\lib\site-packages\starlette\testclient.py:560: in post
    return super().post(
..\venv\lib\site-packages\httpx\_client.py:1144: in post
    return self.request(
..\venv\lib\site-packages\starlette\testclient.py:459: in request
    return super().request(
..\venv\lib\site-packages\httpx\_client.py:825: in request
    return self.send(request, auth=auth, follow_redirects=follow_redirects)
..\venv\lib\site-packages\httpx\_client.py:914: in send
    response = self._send_handling_auth(
..\venv\lib\site-packages\httpx\_client.py:942: in _send_handling_auth
    response = self._send_handling_redirects(
..\venv\lib\site-packages\httpx\_client.py:979: in _send_handling_redirects
    response = self._send_single_request(request)
..\venv\lib\site-packages\httpx\_client.py:1014: in _send_single_request
    response = transport.handle_request(request)
..\venv\lib\site-packages\starlette\testclient.py:362: in handle_request
    raise exc
..\venv\lib\site-packages\starlette\testclient.py:359: in handle_request
    portal.call(self.app, scope, receive, send)
..\venv\lib\site-packages\anyio\from_thread.py:334: in call
    return cast(T_Retval, self.start_task_soon(func, *args).result())
C:\Users\khmee\AppData\Local\Programs\Python\Python310\lib\concurrent\futures\_base.py:458: in result
    return self.__get_result()
C:\Users\khmee\AppData\Local\Programs\Python\Python310\lib\concurrent\futures\_base.py:403: in __get_result
    raise self._exception
..\venv\lib\site-packages\anyio\from_thread.py:259: in _call_func
    retval = await retval_or_awaitable
..\venv\lib\site-packages\fastapi\applications.py:1159: in __call__
    await super().__call__(scope, receive, send)
..\venv\lib\site-packages\starlette\applications.py:90: in __call__
    await self.middleware_stack(scope, receive, send)
..\venv\lib\site-packages\starlette\middleware\errors.py:186: in __call__
    raise exc
..\venv\lib\site-packages\starlette\middleware\errors.py:164: in __call__
    await self.app(scope, receive, _send)
..\venv\lib\site-packages\starlette\middleware\base.py:191: in __call__
    with recv_stream, send_stream, collapse_excgroups():
C:\Users\khmee\AppData\Local\Programs\Python\Python310\lib\contextlib.py:153: in __exit__
    self.gen.throw(typ, value, traceback)
..\venv\lib\site-packages\starlette\_utils.py:87: in collapse_excgroups
    raise exc
..\venv\lib\site-packages\starlette\middleware\base.py:193: in __call__
    response = await self.dispatch_func(request, call_next)
main.py:223: in csrf_middleware
    response = await call_next(request)
..\venv\lib\site-packages\starlette\middleware\base.py:168: in call_next
    raise app_exc from app_exc.__cause__ or app_exc.__context__
..\venv\lib\site-packages\starlette\middleware\base.py:144: in coro
    await self.app(scope, receive_or_disconnect, send_no_error)
..\venv\lib\site-packages\starlette\middleware\base.py:191: in __call__
    with recv_stream, send_stream, collapse_excgroups():
C:\Users\khmee\AppData\Local\Programs\Python\Python310\lib\contextlib.py:153: in __exit__
    self.gen.throw(typ, value, traceback)
..\venv\lib\site-packages\starlette\_utils.py:87: in collapse_excgroups
    raise exc
..\venv\lib\site-packages\starlette\middleware\base.py:193: in __call__
    response = await self.dispatch_func(request, call_next)
main.py:106: in access_log_middleware
    response = await call_next(request)
..\venv\lib\site-packages\starlette\middleware\base.py:168: in call_next
    raise app_exc from app_exc.__cause__ or app_exc.__context__
..\venv\lib\site-packages\starlette\middleware\base.py:144: in coro
    await self.app(scope, receive_or_disconnect, send_no_error)
..\venv\lib\site-packages\starlette\middleware\cors.py:88: in __call__
    await self.app(scope, receive, send)
..\venv\lib\site-packages\asgi_correlation_id\middleware.py:90: in __call__
    await self.app(scope, receive, handle_outgoing_request)
..\venv\lib\site-packages\starlette\middleware\exceptions.py:63: in __call__
    await wrap_app_handling_exceptions(self.app, conn)(scope, receive, send)
..\venv\lib\site-packages\starlette\_exception_handler.py:53: in wrapped_app
    raise exc
..\venv\lib\site-packages\starlette\_exception_handler.py:42: in wrapped_app
    await app(scope, receive, sender)
..\venv\lib\site-packages\fastapi\middleware\asyncexitstack.py:18: in __call__
    await self.app(scope, receive, send)
..\venv\lib\site-packages\starlette\routing.py:660: in __call__
    await self.middleware_stack(scope, receive, send)
..\venv\lib\site-packages\starlette\routing.py:680: in app
    await route.handle(scope, receive, send)
..\venv\lib\site-packages\starlette\routing.py:276: in handle
    await self.app(scope, receive, send)
..\venv\lib\site-packages\fastapi\routing.py:134: in app
    await wrap_app_handling_exceptions(app, request)(scope, receive, send)
..\venv\lib\site-packages\starlette\_exception_handler.py:53: in wrapped_app
    raise exc
..\venv\lib\site-packages\starlette\_exception_handler.py:42: in wrapped_app
    await app(scope, receive, sender)
..\venv\lib\site-packages\fastapi\routing.py:120: in app
    response = await f(request)
..\venv\lib\site-packages\fastapi\routing.py:674: in app
    raw_response = await run_endpoint_function(
..\venv\lib\site-packages\fastapi\routing.py:330: in run_endpoint_function
    return await run_in_threadpool(dependant.call, **values)
..\venv\lib\site-packages\starlette\concurrency.py:32: in run_in_threadpool
    return await anyio.to_thread.run_sync(func)
..\venv\lib\site-packages\anyio\to_thread.py:63: in run_sync
    return await get_async_backend().run_sync_in_worker_thread(
..\venv\lib\site-packages\anyio\_backends\_asyncio.py:2518: in run_sync_in_worker_thread
    return await future
..\venv\lib\site-packages\anyio\_backends\_asyncio.py:1002: in run
    result = context.run(func, *args)
_ _ _ _ _ _ _ _ _ _ _ _ _ _ _ _ _ _ _ _ _ _ _ _ _ _ _ _ _ _ _ _ _ _ _ _ _ _ _ _

id = '69be99aa-51e2-4f5f-a2ee-6a6fe18932a7', payload = {}
db = <sqlalchemy.orm.session.Session object at 0x0000026B5EE8F760>
current_user = <models.User object at 0x0000026B5EE8FFD0>

    @app.post("/api/students/{id}/assign-fee", response_model=schemas.StudentFeeMapping)
    def assign_fee_to_student(id: str, payload: dict = {}, db: Session = Depends(get_db), current_user: models.User = Depends(get_current_user)):
        check_role(current_user, ["Super Admin", "Branch Admin", "Accountant"])
    
        db_student = db.query(models.Student).filter(models.Student.id == id).first()
        if not db_student:
            raise HTTPException(status_code=404, detail="Student not found")
    
        if not db_student.class_id or not db_student.branch_id:
            raise HTTPException(status_code=400, detail="Student must belong to a class and branch to assign fees")
    
        structures = db.query(models.FeeStructure).filter(
            models.FeeStructure.class_id == db_student.class_id,
            models.FeeStructure.branch_id == db_student.branch_id
        ).all()
    
        if not structures:
            raise HTTPException(status_code=400, detail="No fee structure defined for this student's class and branch")
    
        existing_mapping = db.query(models.StudentFeeMapping).filter(models.StudentFeeMapping.student_id == id).first()
        if existing_mapping:
            db.delete(existing_mapping)
            db.commit()
    
        fee_type = db_student.fee_type or "Term Wise"
        total_base = sum(s.amount for s in structures)
        total_discount = decimal.Decimal("0.00")
    
        tuition_head = db.query(models.FeeHead).filter(models.FeeHead.name == "Tuition Fee").first()
        tuition_head_id = tuition_head.id if tuition_head else None
    
        due_items = []
    
        for s in structures:
            head_name = s.fee_head_ref.name
            discount_amount = decimal.Decimal("0.00")
            if fee_type == "Full Fee" and s.fee_head_id == tuition_head_id:
                discount_amount = s.amount * decimal.Decimal("0.05")
                total_discount += discount_amount
    
            payable = s.amount - discount_amount
    
            if fee_type == "Term Wise":
                term_amt = s.amount / decimal.Decimal("3.00")
                for t_num in ["Term 1", "Term 2", "Term 3"]:
                    due_items.append(
                        models.StudentFeeDue(
                            fee_head_name=head_name,
                            term=t_num,
                            base_amount=term_amt,
                            discount_amount=0.00,
                            payable_amount=term_amt,
                            paid_amount=0.00,
                            balance_amount=term_amt,
                            due_date=date.today(),
                            status="Unpaid"
                        )
                    )
            else:
                due_items.append(
                    models.StudentFeeDue(
                        fee_head_name=head_name,
                        term="Full",
                        base_amount=s.amount,
                        discount_amount=discount_amount,
                        payable_amount=payable,
                        paid_amount=0.00,
                        balance_amount=payable,
                        due_date=date.today(),
                        status="Unpaid"
                    )
                )
    
        total_payable = total_base - total_discount
    
        db_mapping = models.StudentFeeMapping(
            student_id=id,
            fee_type=fee_type,
            discount=total_discount,
            total_payable=total_payable,
            outstanding_amount=total_payable
        )
        db.add(db_mapping)
        db.commit()
        db.refresh(db_mapping)
    
        for due in due_items:
            due.student_fee_mapping_id = db_mapping.id
            db.add(due)
        db.commit()
        db.refresh(db_mapping)
    
        # Sync compatibility summary
>       legacy_summary = db.query(models.FeeSummary).filter(models.FeeSummary.student_id == id).first()
E       AttributeError: module 'models' has no attribute 'FeeSummary'

main.py:962: AttributeError
---------------------------- Captured stderr call -----------------------------
{"asctime": "2026-06-19 10:26:52,100", "levelname": "ERROR", "name": "main", "correlation_id": null, "message": "Unhandled exception during POST /api/students/69be99aa-51e2-4f5f-a2ee-6a6fe18932a7/assign-fee", "exc_info": "  + Exception Group Traceback (most recent call last):\n  |   File \"E:\\CRM_Cocoonz\\venv\\lib\\site-packages\\starlette\\_utils.py\", line 81, in collapse_excgroups\n  |     yield\n  |   File \"E:\\CRM_Cocoonz\\venv\\lib\\site-packages\\starlette\\middleware\\base.py\", line 192, in __call__\n  |     async with anyio.create_task_group() as task_group:\n  |   File \"E:\\CRM_Cocoonz\\venv\\lib\\site-packages\\anyio\\_backends\\_asyncio.py\", line 799, in __aexit__\n  |     raise BaseExceptionGroup(\n  | exceptiongroup.ExceptionGroup: unhandled errors in a TaskGroup (1 sub-exception)\n  +-+---------------- 1 ----------------\n    | Traceback (most recent call last):\n    |   File \"E:\\CRM_Cocoonz\\venv\\lib\\site-packages\\starlette\\middleware\\errors.py\", line 164, in __call__\n    |     await self.app(scope, receive, _send)\n    |   File \"E:\\CRM_Cocoonz\\venv\\lib\\site-packages\\starlette\\middleware\\base.py\", line 191, in __call__\n    |     with recv_stream, send_stream, collapse_excgroups():\n    |   File \"C:\\Users\\khmee\\AppData\\Local\\Programs\\Python\\Python310\\lib\\contextlib.py\", line 153, in __exit__\n    |     self.gen.throw(typ, value, traceback)\n    |   File \"E:\\CRM_Cocoonz\\venv\\lib\\site-packages\\starlette\\_utils.py\", line 87, in collapse_excgroups\n    |     raise exc\n    |   File \"E:\\CRM_Cocoonz\\venv\\lib\\site-packages\\starlette\\middleware\\base.py\", line 193, in __call__\n    |     response = await self.dispatch_func(request, call_next)\n    |   File \"E:\\CRM_Cocoonz\\backend\\main.py\", line 223, in csrf_middleware\n    |     response = await call_next(request)\n    |   File \"E:\\CRM_Cocoonz\\venv\\lib\\site-packages\\starlette\\middleware\\base.py\", line 168, in call_next\n    |     raise app_exc from app_exc.__cause__ or app_exc.__context__\n    |   File \"E:\\CRM_Cocoonz\\venv\\lib\\site-packages\\starlette\\middleware\\base.py\", line 144, in coro\n    |     await self.app(scope, receive_or_disconnect, send_no_error)\n    |   File \"E:\\CRM_Cocoonz\\venv\\lib\\site-packages\\starlette\\middleware\\base.py\", line 191, in __call__\n    |     with recv_stream, send_stream, collapse_excgroups():\n    |   File \"C:\\Users\\khmee\\AppData\\Local\\Programs\\Python\\Python310\\lib\\contextlib.py\", line 153, in __exit__\n    |     self.gen.throw(typ, value, traceback)\n    |   File \"E:\\CRM_Cocoonz\\venv\\lib\\site-packages\\starlette\\_utils.py\", line 87, in collapse_excgroups\n    |     raise exc\n    |   File \"E:\\CRM_Cocoonz\\venv\\lib\\site-packages\\starlette\\middleware\\base.py\", line 193, in __call__\n    |     response = await self.dispatch_func(request, call_next)\n    |   File \"E:\\CRM_Cocoonz\\backend\\main.py\", line 106, in access_log_middleware\n    |     response = await call_next(request)\n    |   File \"E:\\CRM_Cocoonz\\venv\\lib\\site-packages\\starlette\\middleware\\base.py\", line 168, in call_next\n    |     raise app_exc from app_exc.__cause__ or app_exc.__context__\n    |   File \"E:\\CRM_Cocoonz\\venv\\lib\\site-packages\\starlette\\middleware\\base.py\", line 144, in coro\n    |     await self.app(scope, receive_or_disconnect, send_no_error)\n    |   File \"E:\\CRM_Cocoonz\\venv\\lib\\site-packages\\starlette\\middleware\\cors.py\", line 88, in __call__\n    |     await self.app(scope, receive, send)\n    |   File \"E:\\CRM_Cocoonz\\venv\\lib\\site-packages\\asgi_correlation_id\\middleware.py\", line 90, in __call__\n    |     await self.app(scope, receive, handle_outgoing_request)\n    |   File \"E:\\CRM_Cocoonz\\venv\\lib\\site-packages\\starlette\\middleware\\exceptions.py\", line 63, in __call__\n    |     await wrap_app_handling_exceptions(self.app, conn)(scope, receive, send)\n    |   File \"E:\\CRM_Cocoonz\\venv\\lib\\site-packages\\starlette\\_exception_handler.py\", line 53, in wrapped_app\n    |     raise exc\n    |   File \"E:\\CRM_Cocoonz\\venv\\lib\\site-packages\\starlette\\_exception_handler.py\", line 42, in wrapped_app\n    |     await app(scope, receive, sender)\n    |   File \"E:\\CRM_Cocoonz\\venv\\lib\\site-packages\\fastapi\\middleware\\asyncexitstack.py\", line 18, in __call__\n    |     await self.app(scope, receive, send)\n    |   File \"E:\\CRM_Cocoonz\\venv\\lib\\site-packages\\starlette\\routing.py\", line 660, in __call__\n    |     await self.middleware_stack(scope, receive, send)\n    |   File \"E:\\CRM_Cocoonz\\venv\\lib\\site-packages\\starlette\\routing.py\", line 680, in app\n    |     await route.handle(scope, receive, send)\n    |   File \"E:\\CRM_Cocoonz\\venv\\lib\\site-packages\\starlette\\routing.py\", line 276, in handle\n    |     await self.app(scope, receive, send)\n    |   File \"E:\\CRM_Cocoonz\\venv\\lib\\site-packages\\fastapi\\routing.py\", line 134, in app\n    |     await wrap_app_handling_exceptions(app, request)(scope, receive, send)\n    |   File \"E:\\CRM_Cocoonz\\venv\\lib\\site-packages\\starlette\\_exception_handler.py\", line 53, in wrapped_app\n    |     raise exc\n    |   File \"E:\\CRM_Cocoonz\\venv\\lib\\site-packages\\starlette\\_exception_handler.py\", line 42, in wrapped_app\n    |     await app(scope, receive, sender)\n    |   File \"E:\\CRM_Cocoonz\\venv\\lib\\site-packages\\fastapi\\routing.py\", line 120, in app\n    |     response = await f(request)\n    |   File \"E:\\CRM_Cocoonz\\venv\\lib\\site-packages\\fastapi\\routing.py\", line 674, in app\n    |     raw_response = await run_endpoint_function(\n    |   File \"E:\\CRM_Cocoonz\\venv\\lib\\site-packages\\fastapi\\routing.py\", line 330, in run_endpoint_function\n    |     return await run_in_threadpool(dependant.call, **values)\n    |   File \"E:\\CRM_Cocoonz\\venv\\lib\\site-packages\\starlette\\concurrency.py\", line 32, in run_in_threadpool\n    |     return await anyio.to_thread.run_sync(func)\n    |   File \"E:\\CRM_Cocoonz\\venv\\lib\\site-packages\\anyio\\to_thread.py\", line 63, in run_sync\n    |     return await get_async_backend().run_sync_in_worker_thread(\n    |   File \"E:\\CRM_Cocoonz\\venv\\lib\\site-packages\\anyio\\_backends\\_asyncio.py\", line 2518, in run_sync_in_worker_thread\n    |     return await future\n    |   File \"E:\\CRM_Cocoonz\\venv\\lib\\site-packages\\anyio\\_backends\\_asyncio.py\", line 1002, in run\n    |     result = context.run(func, *args)\n    |   File \"E:\\CRM_Cocoonz\\backend\\main.py\", line 962, in assign_fee_to_student\n    |     legacy_summary = db.query(models.FeeSummary).filter(models.FeeSummary.student_id == id).first()\n    | AttributeError: module 'models' has no attribute 'FeeSummary'\n    +------------------------------------\n\nThe above exception was the direct cause of the following exception:\n\nTraceback (most recent call last):\n  File \"E:\\CRM_Cocoonz\\venv\\lib\\site-packages\\starlette\\middleware\\errors.py\", line 164, in __call__\n    await self.app(scope, receive, _send)\n  File \"E:\\CRM_Cocoonz\\venv\\lib\\site-packages\\starlette\\middleware\\base.py\", line 191, in __call__\n    with recv_stream, send_stream, collapse_excgroups():\n  File \"C:\\Users\\khmee\\AppData\\Local\\Programs\\Python\\Python310\\lib\\contextlib.py\", line 153, in __exit__\n    self.gen.throw(typ, value, traceback)\n  File \"E:\\CRM_Cocoonz\\venv\\lib\\site-packages\\starlette\\_utils.py\", line 87, in collapse_excgroups\n    raise exc\n  File \"E:\\CRM_Cocoonz\\venv\\lib\\site-packages\\starlette\\middleware\\base.py\", line 193, in __call__\n    response = await self.dispatch_func(request, call_next)\n  File \"E:\\CRM_Cocoonz\\backend\\main.py\", line 223, in csrf_middleware\n    response = await call_next(request)\n  File \"E:\\CRM_Cocoonz\\venv\\lib\\site-packages\\starlette\\middleware\\base.py\", line 168, in call_next\n    raise app_exc from app_exc.__cause__ or app_exc.__context__\n  File \"E:\\CRM_Cocoonz\\venv\\lib\\site-packages\\starlette\\middleware\\base.py\", line 144, in coro\n    await self.app(scope, receive_or_disconnect, send_no_error)\n  File \"E:\\CRM_Cocoonz\\venv\\lib\\site-packages\\starlette\\middleware\\base.py\", line 191, in __call__\n    with recv_stream, send_stream, collapse_excgroups():\n  File \"C:\\Users\\khmee\\AppData\\Local\\Programs\\Python\\Python310\\lib\\contextlib.py\", line 153, in __exit__\n    self.gen.throw(typ, value, traceback)\n  File \"E:\\CRM_Cocoonz\\venv\\lib\\site-packages\\starlette\\_utils.py\", line 87, in collapse_excgroups\n    raise exc\n  File \"E:\\CRM_Cocoonz\\venv\\lib\\site-packages\\starlette\\middleware\\base.py\", line 193, in __call__\n    response = await self.dispatch_func(request, call_next)\n  File \"E:\\CRM_Cocoonz\\backend\\main.py\", line 106, in access_log_middleware\n    response = await call_next(request)\n  File \"E:\\CRM_Cocoonz\\venv\\lib\\site-packages\\starlette\\middleware\\base.py\", line 168, in call_next\n    raise app_exc from app_exc.__cause__ or app_exc.__context__\n  File \"E:\\CRM_Cocoonz\\venv\\lib\\site-packages\\starlette\\middleware\\base.py\", line 144, in coro\n    await self.app(scope, receive_or_disconnect, send_no_error)\n  File \"E:\\CRM_Cocoonz\\venv\\lib\\site-packages\\starlette\\middleware\\cors.py\", line 88, in __call__\n    await self.app(scope, receive, send)\n  File \"E:\\CRM_Cocoonz\\venv\\lib\\site-packages\\asgi_correlation_id\\middleware.py\", line 90, in __call__\n    await self.app(scope, receive, handle_outgoing_request)\n  File \"E:\\CRM_Cocoonz\\venv\\lib\\site-packages\\starlette\\middleware\\exceptions.py\", line 63, in __call__\n    await wrap_app_handling_exceptions(self.app, conn)(scope, receive, send)\n  File \"E:\\CRM_Cocoonz\\venv\\lib\\site-packages\\starlette\\_exception_handler.py\", line 53, in wrapped_app\n    raise exc\n  File \"E:\\CRM_Cocoonz\\venv\\lib\\site-packages\\starlette\\_exception_handler.py\", line 42, in wrapped_app\n    await app(scope, receive, sender)\n  File \"E:\\CRM_Cocoonz\\venv\\lib\\site-packages\\fastapi\\middleware\\asyncexitstack.py\", line 18, in __call__\n    await self.app(scope, receive, send)\n  File \"E:\\CRM_Cocoonz\\venv\\lib\\site-packages\\starlette\\routing.py\", line 660, in __call__\n    await self.middleware_stack(scope, receive, send)\n  File \"E:\\CRM_Cocoonz\\venv\\lib\\site-packages\\starlette\\routing.py\", line 680, in app\n    await route.handle(scope, receive, send)\n  File \"E:\\CRM_Cocoonz\\venv\\lib\\site-packages\\starlette\\routing.py\", line 276, in handle\n    await self.app(scope, receive, send)\n  File \"E:\\CRM_Cocoonz\\venv\\lib\\site-packages\\fastapi\\routing.py\", line 134, in app\n    await wrap_app_handling_exceptions(app, request)(scope, receive, send)\n  File \"E:\\CRM_Cocoonz\\venv\\lib\\site-packages\\starlette\\_exception_handler.py\", line 53, in wrapped_app\n    raise exc\n  File \"E:\\CRM_Cocoonz\\venv\\lib\\site-packages\\starlette\\_exception_handler.py\", line 42, in wrapped_app\n    await app(scope, receive, sender)\n  File \"E:\\CRM_Cocoonz\\venv\\lib\\site-packages\\fastapi\\routing.py\", line 120, in app\n    response = await f(request)\n  File \"E:\\CRM_Cocoonz\\venv\\lib\\site-packages\\fastapi\\routing.py\", line 674, in app\n    raw_response = await run_endpoint_function(\n  File \"E:\\CRM_Cocoonz\\venv\\lib\\site-packages\\fastapi\\routing.py\", line 330, in run_endpoint_function\n    return await run_in_threadpool(dependant.call, **values)\n  File \"E:\\CRM_Cocoonz\\venv\\lib\\site-packages\\starlette\\concurrency.py\", line 32, in run_in_threadpool\n    return await anyio.to_thread.run_sync(func)\n  File \"E:\\CRM_Cocoonz\\venv\\lib\\site-packages\\anyio\\to_thread.py\", line 63, in run_sync\n    return await get_async_backend().run_sync_in_worker_thread(\n  File \"E:\\CRM_Cocoonz\\venv\\lib\\site-packages\\anyio\\_backends\\_asyncio.py\", line 2518, in run_sync_in_worker_thread\n    return await future\n  File \"E:\\CRM_Cocoonz\\venv\\lib\\site-packages\\anyio\\_backends\\_asyncio.py\", line 1002, in run\n    result = context.run(func, *args)\n  File \"E:\\CRM_Cocoonz\\backend\\main.py\", line 962, in assign_fee_to_student\n    legacy_summary = db.query(models.FeeSummary).filter(models.FeeSummary.student_id == id).first()\nAttributeError: module 'models' has no attribute 'FeeSummary'"}
------------------------------ Captured log call ------------------------------
ERROR    main:main.py:126 Unhandled exception during POST /api/students/69be99aa-51e2-4f5f-a2ee-6a6fe18932a7/assign-fee
  + Exception Group Traceback (most recent call last):
  |   File "E:\CRM_Cocoonz\venv\lib\site-packages\starlette\_utils.py", line 81, in collapse_excgroups
  |     yield
  |   File "E:\CRM_Cocoonz\venv\lib\site-packages\starlette\middleware\base.py", line 192, in __call__
  |     async with anyio.create_task_group() as task_group:
  |   File "E:\CRM_Cocoonz\venv\lib\site-packages\anyio\_backends\_asyncio.py", line 799, in __aexit__
  |     raise BaseExceptionGroup(
  | exceptiongroup.ExceptionGroup: unhandled errors in a TaskGroup (1 sub-exception)
  +-+---------------- 1 ----------------
    | Traceback (most recent call last):
    |   File "E:\CRM_Cocoonz\venv\lib\site-packages\starlette\middleware\errors.py", line 164, in __call__
    |     await self.app(scope, receive, _send)
    |   File "E:\CRM_Cocoonz\venv\lib\site-packages\starlette\middleware\base.py", line 191, in __call__
    |     with recv_stream, send_stream, collapse_excgroups():
    |   File "C:\Users\khmee\AppData\Local\Programs\Python\Python310\lib\contextlib.py", line 153, in __exit__
    |     self.gen.throw(typ, value, traceback)
    |   File "E:\CRM_Cocoonz\venv\lib\site-packages\starlette\_utils.py", line 87, in collapse_excgroups
    |     raise exc
    |   File "E:\CRM_Cocoonz\venv\lib\site-packages\starlette\middleware\base.py", line 193, in __call__
    |     response = await self.dispatch_func(request, call_next)
    |   File "E:\CRM_Cocoonz\backend\main.py", line 223, in csrf_middleware
    |     response = await call_next(request)
    |   File "E:\CRM_Cocoonz\venv\lib\site-packages\starlette\middleware\base.py", line 168, in call_next
    |     raise app_exc from app_exc.__cause__ or app_exc.__context__
    |   File "E:\CRM_Cocoonz\venv\lib\site-packages\starlette\middleware\base.py", line 144, in coro
    |     await self.app(scope, receive_or_disconnect, send_no_error)
    |   File "E:\CRM_Cocoonz\venv\lib\site-packages\starlette\middleware\base.py", line 191, in __call__
    |     with recv_stream, send_stream, collapse_excgroups():
    |   File "C:\Users\khmee\AppData\Local\Programs\Python\Python310\lib\contextlib.py", line 153, in __exit__
    |     self.gen.throw(typ, value, traceback)
    |   File "E:\CRM_Cocoonz\venv\lib\site-packages\starlette\_utils.py", line 87, in collapse_excgroups
    |     raise exc
    |   File "E:\CRM_Cocoonz\venv\lib\site-packages\starlette\middleware\base.py", line 193, in __call__
    |     response = await self.dispatch_func(request, call_next)
    |   File "E:\CRM_Cocoonz\backend\main.py", line 106, in access_log_middleware
    |     response = await call_next(request)
    |   File "E:\CRM_Cocoonz\venv\lib\site-packages\starlette\middleware\base.py", line 168, in call_next
    |     raise app_exc from app_exc.__cause__ or app_exc.__context__
    |   File "E:\CRM_Cocoonz\venv\lib\site-packages\starlette\middleware\base.py", line 144, in coro
    |     await self.app(scope, receive_or_disconnect, send_no_error)
    |   File "E:\CRM_Cocoonz\venv\lib\site-packages\starlette\middleware\cors.py", line 88, in __call__
    |     await self.app(scope, receive, send)
    |   File "E:\CRM_Cocoonz\venv\lib\site-packages\asgi_correlation_id\middleware.py", line 90, in __call__
    |     await self.app(scope, receive, handle_outgoing_request)
    |   File "E:\CRM_Cocoonz\venv\lib\site-packages\starlette\middleware\exceptions.py", line 63, in __call__
    |     await wrap_app_handling_exceptions(self.app, conn)(scope, receive, send)
    |   File "E:\CRM_Cocoonz\venv\lib\site-packages\starlette\_exception_handler.py", line 53, in wrapped_app
    |     raise exc
    |   File "E:\CRM_Cocoonz\venv\lib\site-packages\starlette\_exception_handler.py", line 42, in wrapped_app
    |     await app(scope, receive, sender)
    |   File "E:\CRM_Cocoonz\venv\lib\site-packages\fastapi\middleware\asyncexitstack.py", line 18, in __call__
    |     await self.app(scope, receive, send)
    |   File "E:\CRM_Cocoonz\venv\lib\site-packages\starlette\routing.py", line 660, in __call__
    |     await self.middleware_stack(scope, receive, send)
    |   File "E:\CRM_Cocoonz\venv\lib\site-packages\starlette\routing.py", line 680, in app
    |     await route.handle(scope, receive, send)
    |   File "E:\CRM_Cocoonz\venv\lib\site-packages\starlette\routing.py", line 276, in handle
    |     await self.app(scope, receive, send)
    |   File "E:\CRM_Cocoonz\venv\lib\site-packages\fastapi\routing.py", line 134, in app
    |     await wrap_app_handling_exceptions(app, request)(scope, receive, send)
    |   File "E:\CRM_Cocoonz\venv\lib\site-packages\starlette\_exception_handler.py", line 53, in wrapped_app
    |     raise exc
    |   File "E:\CRM_Cocoonz\venv\lib\site-packages\starlette\_exception_handler.py", line 42, in wrapped_app
    |     await app(scope, receive, sender)
    |   File "E:\CRM_Cocoonz\venv\lib\site-packages\fastapi\routing.py", line 120, in app
    |     response = await f(request)
    |   File "E:\CRM_Cocoonz\venv\lib\site-packages\fastapi\routing.py", line 674, in app
    |     raw_response = await run_endpoint_function(
    |   File "E:\CRM_Cocoonz\venv\lib\site-packages\fastapi\routing.py", line 330, in run_endpoint_function
    |     return await run_in_threadpool(dependant.call, **values)
    |   File "E:\CRM_Cocoonz\venv\lib\site-packages\starlette\concurrency.py", line 32, in run_in_threadpool
    |     return await anyio.to_thread.run_sync(func)
    |   File "E:\CRM_Cocoonz\venv\lib\site-packages\anyio\to_thread.py", line 63, in run_sync
    |     return await get_async_backend().run_sync_in_worker_thread(
    |   File "E:\CRM_Cocoonz\venv\lib\site-packages\anyio\_backends\_asyncio.py", line 2518, in run_sync_in_worker_thread
    |     return await future
    |   File "E:\CRM_Cocoonz\venv\lib\site-packages\anyio\_backends\_asyncio.py", line 1002, in run
    |     result = context.run(func, *args)
    |   File "E:\CRM_Cocoonz\backend\main.py", line 962, in assign_fee_to_student
    |     legacy_summary = db.query(models.FeeSummary).filter(models.FeeSummary.student_id == id).first()
    | AttributeError: module 'models' has no attribute 'FeeSummary'
    +------------------------------------

The above exception was the direct cause of the following exception:

Traceback (most recent call last):
  File "E:\CRM_Cocoonz\venv\lib\site-packages\starlette\middleware\errors.py", line 164, in __call__
    await self.app(scope, receive, _send)
  File "E:\CRM_Cocoonz\venv\lib\site-packages\starlette\middleware\base.py", line 191, in __call__
    with recv_stream, send_stream, collapse_excgroups():
  File "C:\Users\khmee\AppData\Local\Programs\Python\Python310\lib\contextlib.py", line 153, in __exit__
    self.gen.throw(typ, value, traceback)
  File "E:\CRM_Cocoonz\venv\lib\site-packages\starlette\_utils.py", line 87, in collapse_excgroups
    raise exc
  File "E:\CRM_Cocoonz\venv\lib\site-packages\starlette\middleware\base.py", line 193, in __call__
    response = await self.dispatch_func(request, call_next)
  File "E:\CRM_Cocoonz\backend\main.py", line 223, in csrf_middleware
    response = await call_next(request)
  File "E:\CRM_Cocoonz\venv\lib\site-packages\starlette\middleware\base.py", line 168, in call_next
    raise app_exc from app_exc.__cause__ or app_exc.__context__
  File "E:\CRM_Cocoonz\venv\lib\site-packages\starlette\middleware\base.py", line 144, in coro
    await self.app(scope, receive_or_disconnect, send_no_error)
  File "E:\CRM_Cocoonz\venv\lib\site-packages\starlette\middleware\base.py", line 191, in __call__
    with recv_stream, send_stream, collapse_excgroups():
  File "C:\Users\khmee\AppData\Local\Programs\Python\Python310\lib\contextlib.py", line 153, in __exit__
    self.gen.throw(typ, value, traceback)
  File "E:\CRM_Cocoonz\venv\lib\site-packages\starlette\_utils.py", line 87, in collapse_excgroups
    raise exc
  File "E:\CRM_Cocoonz\venv\lib\site-packages\starlette\middleware\base.py", line 193, in __call__
    response = await self.dispatch_func(request, call_next)
  File "E:\CRM_Cocoonz\backend\main.py", line 106, in access_log_middleware
    response = await call_next(request)
  File "E:\CRM_Cocoonz\venv\lib\site-packages\starlette\middleware\base.py", line 168, in call_next
    raise app_exc from app_exc.__cause__ or app_exc.__context__
  File "E:\CRM_Cocoonz\venv\lib\site-packages\starlette\middleware\base.py", line 144, in coro
    await self.app(scope, receive_or_disconnect, send_no_error)
  File "E:\CRM_Cocoonz\venv\lib\site-packages\starlette\middleware\cors.py", line 88, in __call__
    await self.app(scope, receive, send)
  File "E:\CRM_Cocoonz\venv\lib\site-packages\asgi_correlation_id\middleware.py", line 90, in __call__
    await self.app(scope, receive, handle_outgoing_request)
  File "E:\CRM_Cocoonz\venv\lib\site-packages\starlette\middleware\exceptions.py", line 63, in __call__
    await wrap_app_handling_exceptions(self.app, conn)(scope, receive, send)
  File "E:\CRM_Cocoonz\venv\lib\site-packages\starlette\_exception_handler.py", line 53, in wrapped_app
    raise exc
  File "E:\CRM_Cocoonz\venv\lib\site-packages\starlette\_exception_handler.py", line 42, in wrapped_app
    await app(scope, receive, sender)
  File "E:\CRM_Cocoonz\venv\lib\site-packages\fastapi\middleware\asyncexitstack.py", line 18, in __call__
    await self.app(scope, receive, send)
  File "E:\CRM_Cocoonz\venv\lib\site-packages\starlette\routing.py", line 660, in __call__
    await self.middleware_stack(scope, receive, send)
  File "E:\CRM_Cocoonz\venv\lib\site-packages\starlette\routing.py", line 680, in app
    await route.handle(scope, receive, send)
  File "E:\CRM_Cocoonz\venv\lib\site-packages\starlette\routing.py", line 276, in handle
    await self.app(scope, receive, send)
  File "E:\CRM_Cocoonz\venv\lib\site-packages\fastapi\routing.py", line 134, in app
    await wrap_app_handling_exceptions(app, request)(scope, receive, send)
  File "E:\CRM_Cocoonz\venv\lib\site-packages\starlette\_exception_handler.py", line 53, in wrapped_app
    raise exc
  File "E:\CRM_Cocoonz\venv\lib\site-packages\starlette\_exception_handler.py", line 42, in wrapped_app
    await app(scope, receive, sender)
  File "E:\CRM_Cocoonz\venv\lib\site-packages\fastapi\routing.py", line 120, in app
    response = await f(request)
  File "E:\CRM_Cocoonz\venv\lib\site-packages\fastapi\routing.py", line 674, in app
    raw_response = await run_endpoint_function(
  File "E:\CRM_Cocoonz\venv\lib\site-packages\fastapi\routing.py", line 330, in run_endpoint_function
    return await run_in_threadpool(dependant.call, **values)
  File "E:\CRM_Cocoonz\venv\lib\site-packages\starlette\concurrency.py", line 32, in run_in_threadpool
    return await anyio.to_thread.run_sync(func)
  File "E:\CRM_Cocoonz\venv\lib\site-packages\anyio\to_thread.py", line 63, in run_sync
    return await get_async_backend().run_sync_in_worker_thread(
  File "E:\CRM_Cocoonz\venv\lib\site-packages\anyio\_backends\_asyncio.py", line 2518, in run_sync_in_worker_thread
    return await future
  File "E:\CRM_Cocoonz\venv\lib\site-packages\anyio\_backends\_asyncio.py", line 1002, in run
    result = context.run(func, *args)
  File "E:\CRM_Cocoonz\backend\main.py", line 962, in assign_fee_to_student
    legacy_summary = db.query(models.FeeSummary).filter(models.FeeSummary.student_id == id).first()
AttributeError: module 'models' has no attribute 'FeeSummary'
____________________ test_collect_partial_payment_success _____________________
  + Exception Group Traceback (most recent call last):
  |   File "E:\CRM_Cocoonz\venv\lib\site-packages\starlette\_utils.py", line 81, in collapse_excgroups
  |     yield
  |   File "E:\CRM_Cocoonz\venv\lib\site-packages\starlette\middleware\base.py", line 192, in __call__
  |     async with anyio.create_task_group() as task_group:
  |   File "E:\CRM_Cocoonz\venv\lib\site-packages\anyio\_backends\_asyncio.py", line 799, in __aexit__
  |     raise BaseExceptionGroup(
  | exceptiongroup.ExceptionGroup: unhandled errors in a TaskGroup (1 sub-exception)
  +-+---------------- 1 ----------------
    | Traceback (most recent call last):
    |   File "E:\CRM_Cocoonz\venv\lib\site-packages\_pytest\runner.py", line 353, in from_call
    |     result: TResult | None = func()
    |   File "E:\CRM_Cocoonz\venv\lib\site-packages\_pytest\runner.py", line 245, in <lambda>
    |     lambda: runtest_hook(item=item, **kwds),
    |   File "E:\CRM_Cocoonz\venv\lib\site-packages\pluggy\_hooks.py", line 512, in __call__
    |     return self._hookexec(self.name, self._hookimpls.copy(), kwargs, firstresult)
    |   File "E:\CRM_Cocoonz\venv\lib\site-packages\pluggy\_manager.py", line 120, in _hookexec
    |     return self._inner_hookexec(hook_name, methods, kwargs, firstresult)
    |   File "E:\CRM_Cocoonz\venv\lib\site-packages\pluggy\_callers.py", line 167, in _multicall
    |     raise exception
    |   File "E:\CRM_Cocoonz\venv\lib\site-packages\pluggy\_callers.py", line 139, in _multicall
    |     teardown.throw(exception)
    |   File "E:\CRM_Cocoonz\venv\lib\site-packages\_pytest\logging.py", line 850, in pytest_runtest_call
    |     yield
    |   File "E:\CRM_Cocoonz\venv\lib\site-packages\pluggy\_callers.py", line 139, in _multicall
    |     teardown.throw(exception)
    |   File "E:\CRM_Cocoonz\venv\lib\site-packages\_pytest\capture.py", line 900, in pytest_runtest_call
    |     return (yield)
    |   File "E:\CRM_Cocoonz\venv\lib\site-packages\pluggy\_callers.py", line 139, in _multicall
    |     teardown.throw(exception)
    |   File "E:\CRM_Cocoonz\venv\lib\site-packages\_pytest\skipping.py", line 268, in pytest_runtest_call
    |     return (yield)
    |   File "E:\CRM_Cocoonz\venv\lib\site-packages\pluggy\_callers.py", line 121, in _multicall
    |     res = hook_impl.function(*args)
    |   File "E:\CRM_Cocoonz\venv\lib\site-packages\_pytest\runner.py", line 179, in pytest_runtest_call
    |     item.runtest()
    |   File "E:\CRM_Cocoonz\venv\lib\site-packages\_pytest\python.py", line 1720, in runtest
    |     self.ihook.pytest_pyfunc_call(pyfuncitem=self)
    |   File "E:\CRM_Cocoonz\venv\lib\site-packages\pluggy\_hooks.py", line 512, in __call__
    |     return self._hookexec(self.name, self._hookimpls.copy(), kwargs, firstresult)
    |   File "E:\CRM_Cocoonz\venv\lib\site-packages\pluggy\_manager.py", line 120, in _hookexec
    |     return self._inner_hookexec(hook_name, methods, kwargs, firstresult)
    |   File "E:\CRM_Cocoonz\venv\lib\site-packages\pluggy\_callers.py", line 167, in _multicall
    |     raise exception
    |   File "E:\CRM_Cocoonz\venv\lib\site-packages\pluggy\_callers.py", line 121, in _multicall
    |     res = hook_impl.function(*args)
    |   File "E:\CRM_Cocoonz\venv\lib\site-packages\_pytest\python.py", line 166, in pytest_pyfunc_call
    |     result = testfunction(**testargs)
    |   File "E:\CRM_Cocoonz\backend\test_fee_crm.py", line 303, in test_collect_partial_payment_success
    |     res = client.post("/api/collections", json=collect_payload, headers=headers)
    |   File "E:\CRM_Cocoonz\venv\lib\site-packages\starlette\testclient.py", line 560, in post
    |     return super().post(
    |   File "E:\CRM_Cocoonz\venv\lib\site-packages\httpx\_client.py", line 1144, in post
    |     return self.request(
    |   File "E:\CRM_Cocoonz\venv\lib\site-packages\starlette\testclient.py", line 459, in request
    |     return super().request(
    |   File "E:\CRM_Cocoonz\venv\lib\site-packages\httpx\_client.py", line 825, in request
    |     return self.send(request, auth=auth, follow_redirects=follow_redirects)
    |   File "E:\CRM_Cocoonz\venv\lib\site-packages\httpx\_client.py", line 914, in send
    |     response = self._send_handling_auth(
    |   File "E:\CRM_Cocoonz\venv\lib\site-packages\httpx\_client.py", line 942, in _send_handling_auth
    |     response = self._send_handling_redirects(
    |   File "E:\CRM_Cocoonz\venv\lib\site-packages\httpx\_client.py", line 979, in _send_handling_redirects
    |     response = self._send_single_request(request)
    |   File "E:\CRM_Cocoonz\venv\lib\site-packages\httpx\_client.py", line 1014, in _send_single_request
    |     response = transport.handle_request(request)
    |   File "E:\CRM_Cocoonz\venv\lib\site-packages\starlette\testclient.py", line 362, in handle_request
    |     raise exc
    |   File "E:\CRM_Cocoonz\venv\lib\site-packages\starlette\testclient.py", line 359, in handle_request
    |     portal.call(self.app, scope, receive, send)
    |   File "E:\CRM_Cocoonz\venv\lib\site-packages\anyio\from_thread.py", line 334, in call
    |     return cast(T_Retval, self.start_task_soon(func, *args).result())
    |   File "C:\Users\khmee\AppData\Local\Programs\Python\Python310\lib\concurrent\futures\_base.py", line 458, in result
    |     return self.__get_result()
    |   File "C:\Users\khmee\AppData\Local\Programs\Python\Python310\lib\concurrent\futures\_base.py", line 403, in __get_result
    |     raise self._exception
    |   File "E:\CRM_Cocoonz\venv\lib\site-packages\anyio\from_thread.py", line 259, in _call_func
    |     retval = await retval_or_awaitable
    |   File "E:\CRM_Cocoonz\venv\lib\site-packages\fastapi\applications.py", line 1159, in __call__
    |     await super().__call__(scope, receive, send)
    |   File "E:\CRM_Cocoonz\venv\lib\site-packages\starlette\applications.py", line 90, in __call__
    |     await self.middleware_stack(scope, receive, send)
    |   File "E:\CRM_Cocoonz\venv\lib\site-packages\starlette\middleware\errors.py", line 186, in __call__
    |     raise exc
    |   File "E:\CRM_Cocoonz\venv\lib\site-packages\starlette\middleware\errors.py", line 164, in __call__
    |     await self.app(scope, receive, _send)
    |   File "E:\CRM_Cocoonz\venv\lib\site-packages\starlette\middleware\base.py", line 191, in __call__
    |     with recv_stream, send_stream, collapse_excgroups():
    |   File "C:\Users\khmee\AppData\Local\Programs\Python\Python310\lib\contextlib.py", line 153, in __exit__
    |     self.gen.throw(typ, value, traceback)
    |   File "E:\CRM_Cocoonz\venv\lib\site-packages\starlette\_utils.py", line 87, in collapse_excgroups
    |     raise exc
    |   File "E:\CRM_Cocoonz\venv\lib\site-packages\starlette\middleware\base.py", line 193, in __call__
    |     response = await self.dispatch_func(request, call_next)
    |   File "E:\CRM_Cocoonz\backend\main.py", line 223, in csrf_middleware
    |     response = await call_next(request)
    |   File "E:\CRM_Cocoonz\venv\lib\site-packages\starlette\middleware\base.py", line 168, in call_next
    |     raise app_exc from app_exc.__cause__ or app_exc.__context__
    |   File "E:\CRM_Cocoonz\venv\lib\site-packages\starlette\middleware\base.py", line 144, in coro
    |     await self.app(scope, receive_or_disconnect, send_no_error)
    |   File "E:\CRM_Cocoonz\venv\lib\site-packages\starlette\middleware\base.py", line 191, in __call__
    |     with recv_stream, send_stream, collapse_excgroups():
    |   File "C:\Users\khmee\AppData\Local\Programs\Python\Python310\lib\contextlib.py", line 153, in __exit__
    |     self.gen.throw(typ, value, traceback)
    |   File "E:\CRM_Cocoonz\venv\lib\site-packages\starlette\_utils.py", line 87, in collapse_excgroups
    |     raise exc
    |   File "E:\CRM_Cocoonz\venv\lib\site-packages\starlette\middleware\base.py", line 193, in __call__
    |     response = await self.dispatch_func(request, call_next)
    |   File "E:\CRM_Cocoonz\backend\main.py", line 106, in access_log_middleware
    |     response = await call_next(request)
    |   File "E:\CRM_Cocoonz\venv\lib\site-packages\starlette\middleware\base.py", line 168, in call_next
    |     raise app_exc from app_exc.__cause__ or app_exc.__context__
    |   File "E:\CRM_Cocoonz\venv\lib\site-packages\starlette\middleware\base.py", line 144, in coro
    |     await self.app(scope, receive_or_disconnect, send_no_error)
    |   File "E:\CRM_Cocoonz\venv\lib\site-packages\starlette\middleware\cors.py", line 88, in __call__
    |     await self.app(scope, receive, send)
    |   File "E:\CRM_Cocoonz\venv\lib\site-packages\asgi_correlation_id\middleware.py", line 90, in __call__
    |     await self.app(scope, receive, handle_outgoing_request)
    |   File "E:\CRM_Cocoonz\venv\lib\site-packages\starlette\middleware\exceptions.py", line 63, in __call__
    |     await wrap_app_handling_exceptions(self.app, conn)(scope, receive, send)
    |   File "E:\CRM_Cocoonz\venv\lib\site-packages\starlette\_exception_handler.py", line 53, in wrapped_app
    |     raise exc
    |   File "E:\CRM_Cocoonz\venv\lib\site-packages\starlette\_exception_handler.py", line 42, in wrapped_app
    |     await app(scope, receive, sender)
    |   File "E:\CRM_Cocoonz\venv\lib\site-packages\fastapi\middleware\asyncexitstack.py", line 18, in __call__
    |     await self.app(scope, receive, send)
    |   File "E:\CRM_Cocoonz\venv\lib\site-packages\starlette\routing.py", line 660, in __call__
    |     await self.middleware_stack(scope, receive, send)
    |   File "E:\CRM_Cocoonz\venv\lib\site-packages\starlette\routing.py", line 680, in app
    |     await route.handle(scope, receive, send)
    |   File "E:\CRM_Cocoonz\venv\lib\site-packages\starlette\routing.py", line 276, in handle
    |     await self.app(scope, receive, send)
    |   File "E:\CRM_Cocoonz\venv\lib\site-packages\fastapi\routing.py", line 134, in app
    |     await wrap_app_handling_exceptions(app, request)(scope, receive, send)
    |   File "E:\CRM_Cocoonz\venv\lib\site-packages\starlette\_exception_handler.py", line 53, in wrapped_app
    |     raise exc
    |   File "E:\CRM_Cocoonz\venv\lib\site-packages\starlette\_exception_handler.py", line 42, in wrapped_app
    |     await app(scope, receive, sender)
    |   File "E:\CRM_Cocoonz\venv\lib\site-packages\fastapi\routing.py", line 120, in app
    |     response = await f(request)
    |   File "E:\CRM_Cocoonz\venv\lib\site-packages\fastapi\routing.py", line 674, in app
    |     raw_response = await run_endpoint_function(
    |   File "E:\CRM_Cocoonz\venv\lib\site-packages\fastapi\routing.py", line 330, in run_endpoint_function
    |     return await run_in_threadpool(dependant.call, **values)
    |   File "E:\CRM_Cocoonz\venv\lib\site-packages\starlette\concurrency.py", line 32, in run_in_threadpool
    |     return await anyio.to_thread.run_sync(func)
    |   File "E:\CRM_Cocoonz\venv\lib\site-packages\anyio\to_thread.py", line 63, in run_sync
    |     return await get_async_backend().run_sync_in_worker_thread(
    |   File "E:\CRM_Cocoonz\venv\lib\site-packages\anyio\_backends\_asyncio.py", line 2518, in run_sync_in_worker_thread
    |     return await future
    |   File "E:\CRM_Cocoonz\venv\lib\site-packages\anyio\_backends\_asyncio.py", line 1002, in run
    |     result = context.run(func, *args)
    |   File "E:\CRM_Cocoonz\backend\main.py", line 1167, in collect_payment
    |     legacy_summary = db.query(models.FeeSummary).filter(models.FeeSummary.student_id == student.id).first()
    | AttributeError: module 'models' has no attribute 'FeeSummary'
    +------------------------------------

The above exception was the direct cause of the following exception:

Traceback (most recent call last):
  File "E:\CRM_Cocoonz\backend\test_fee_crm.py", line 303, in test_collect_partial_payment_success
    res = client.post("/api/collections", json=collect_payload, headers=headers)
  File "E:\CRM_Cocoonz\venv\lib\site-packages\starlette\testclient.py", line 560, in post
    return super().post(
  File "E:\CRM_Cocoonz\venv\lib\site-packages\httpx\_client.py", line 1144, in post
    return self.request(
  File "E:\CRM_Cocoonz\venv\lib\site-packages\starlette\testclient.py", line 459, in request
    return super().request(
  File "E:\CRM_Cocoonz\venv\lib\site-packages\httpx\_client.py", line 825, in request
    return self.send(request, auth=auth, follow_redirects=follow_redirects)
  File "E:\CRM_Cocoonz\venv\lib\site-packages\httpx\_client.py", line 914, in send
    response = self._send_handling_auth(
  File "E:\CRM_Cocoonz\venv\lib\site-packages\httpx\_client.py", line 942, in _send_handling_auth
    response = self._send_handling_redirects(
  File "E:\CRM_Cocoonz\venv\lib\site-packages\httpx\_client.py", line 979, in _send_handling_redirects
    response = self._send_single_request(request)
  File "E:\CRM_Cocoonz\venv\lib\site-packages\httpx\_client.py", line 1014, in _send_single_request
    response = transport.handle_request(request)
  File "E:\CRM_Cocoonz\venv\lib\site-packages\starlette\testclient.py", line 362, in handle_request
    raise exc
  File "E:\CRM_Cocoonz\venv\lib\site-packages\starlette\testclient.py", line 359, in handle_request
    portal.call(self.app, scope, receive, send)
  File "E:\CRM_Cocoonz\venv\lib\site-packages\anyio\from_thread.py", line 334, in call
    return cast(T_Retval, self.start_task_soon(func, *args).result())
  File "C:\Users\khmee\AppData\Local\Programs\Python\Python310\lib\concurrent\futures\_base.py", line 458, in result
    return self.__get_result()
  File "C:\Users\khmee\AppData\Local\Programs\Python\Python310\lib\concurrent\futures\_base.py", line 403, in __get_result
    raise self._exception
  File "E:\CRM_Cocoonz\venv\lib\site-packages\anyio\from_thread.py", line 259, in _call_func
    retval = await retval_or_awaitable
  File "E:\CRM_Cocoonz\venv\lib\site-packages\fastapi\applications.py", line 1159, in __call__
    await super().__call__(scope, receive, send)
  File "E:\CRM_Cocoonz\venv\lib\site-packages\starlette\applications.py", line 90, in __call__
    await self.middleware_stack(scope, receive, send)
  File "E:\CRM_Cocoonz\venv\lib\site-packages\starlette\middleware\errors.py", line 186, in __call__
    raise exc
  File "E:\CRM_Cocoonz\venv\lib\site-packages\starlette\middleware\errors.py", line 164, in __call__
    await self.app(scope, receive, _send)
  File "E:\CRM_Cocoonz\venv\lib\site-packages\starlette\middleware\base.py", line 191, in __call__
    with recv_stream, send_stream, collapse_excgroups():
  File "C:\Users\khmee\AppData\Local\Programs\Python\Python310\lib\contextlib.py", line 153, in __exit__
    self.gen.throw(typ, value, traceback)
  File "E:\CRM_Cocoonz\venv\lib\site-packages\starlette\_utils.py", line 87, in collapse_excgroups
    raise exc
  File "E:\CRM_Cocoonz\venv\lib\site-packages\starlette\middleware\base.py", line 193, in __call__
    response = await self.dispatch_func(request, call_next)
  File "E:\CRM_Cocoonz\backend\main.py", line 223, in csrf_middleware
    response = await call_next(request)
  File "E:\CRM_Cocoonz\venv\lib\site-packages\starlette\middleware\base.py", line 168, in call_next
    raise app_exc from app_exc.__cause__ or app_exc.__context__
  File "E:\CRM_Cocoonz\venv\lib\site-packages\starlette\middleware\base.py", line 144, in coro
    await self.app(scope, receive_or_disconnect, send_no_error)
  File "E:\CRM_Cocoonz\venv\lib\site-packages\starlette\middleware\base.py", line 191, in __call__
    with recv_stream, send_stream, collapse_excgroups():
  File "C:\Users\khmee\AppData\Local\Programs\Python\Python310\lib\contextlib.py", line 153, in __exit__
    self.gen.throw(typ, value, traceback)
  File "E:\CRM_Cocoonz\venv\lib\site-packages\starlette\_utils.py", line 87, in collapse_excgroups
    raise exc
  File "E:\CRM_Cocoonz\venv\lib\site-packages\starlette\middleware\base.py", line 193, in __call__
    response = await self.dispatch_func(request, call_next)
  File "E:\CRM_Cocoonz\backend\main.py", line 106, in access_log_middleware
    response = await call_next(request)
  File "E:\CRM_Cocoonz\venv\lib\site-packages\starlette\middleware\base.py", line 168, in call_next
    raise app_exc from app_exc.__cause__ or app_exc.__context__
  File "E:\CRM_Cocoonz\venv\lib\site-packages\starlette\middleware\base.py", line 144, in coro
    await self.app(scope, receive_or_disconnect, send_no_error)
  File "E:\CRM_Cocoonz\venv\lib\site-packages\starlette\middleware\cors.py", line 88, in __call__
    await self.app(scope, receive, send)
  File "E:\CRM_Cocoonz\venv\lib\site-packages\asgi_correlation_id\middleware.py", line 90, in __call__
    await self.app(scope, receive, handle_outgoing_request)
  File "E:\CRM_Cocoonz\venv\lib\site-packages\starlette\middleware\exceptions.py", line 63, in __call__
    await wrap_app_handling_exceptions(self.app, conn)(scope, receive, send)
  File "E:\CRM_Cocoonz\venv\lib\site-packages\starlette\_exception_handler.py", line 53, in wrapped_app
    raise exc
  File "E:\CRM_Cocoonz\venv\lib\site-packages\starlette\_exception_handler.py", line 42, in wrapped_app
    await app(scope, receive, sender)
  File "E:\CRM_Cocoonz\venv\lib\site-packages\fastapi\middleware\asyncexitstack.py", line 18, in __call__
    await self.app(scope, receive, send)
  File "E:\CRM_Cocoonz\venv\lib\site-packages\starlette\routing.py", line 660, in __call__
    await self.middleware_stack(scope, receive, send)
  File "E:\CRM_Cocoonz\venv\lib\site-packages\starlette\routing.py", line 680, in app
    await route.handle(scope, receive, send)
  File "E:\CRM_Cocoonz\venv\lib\site-packages\starlette\routing.py", line 276, in handle
    await self.app(scope, receive, send)
  File "E:\CRM_Cocoonz\venv\lib\site-packages\fastapi\routing.py", line 134, in app
    await wrap_app_handling_exceptions(app, request)(scope, receive, send)
  File "E:\CRM_Cocoonz\venv\lib\site-packages\starlette\_exception_handler.py", line 53, in wrapped_app
    raise exc
  File "E:\CRM_Cocoonz\venv\lib\site-packages\starlette\_exception_handler.py", line 42, in wrapped_app
    await app(scope, receive, sender)
  File "E:\CRM_Cocoonz\venv\lib\site-packages\fastapi\routing.py", line 120, in app
    response = await f(request)
  File "E:\CRM_Cocoonz\venv\lib\site-packages\fastapi\routing.py", line 674, in app
    raw_response = await run_endpoint_function(
  File "E:\CRM_Cocoonz\venv\lib\site-packages\fastapi\routing.py", line 330, in run_endpoint_function
    return await run_in_threadpool(dependant.call, **values)
  File "E:\CRM_Cocoonz\venv\lib\site-packages\starlette\concurrency.py", line 32, in run_in_threadpool
    return await anyio.to_thread.run_sync(func)
  File "E:\CRM_Cocoonz\venv\lib\site-packages\anyio\to_thread.py", line 63, in run_sync
    return await get_async_backend().run_sync_in_worker_thread(
  File "E:\CRM_Cocoonz\venv\lib\site-packages\anyio\_backends\_asyncio.py", line 2518, in run_sync_in_worker_thread
    return await future
  File "E:\CRM_Cocoonz\venv\lib\site-packages\anyio\_backends\_asyncio.py", line 1002, in run
    result = context.run(func, *args)
  File "E:\CRM_Cocoonz\backend\main.py", line 1167, in collect_payment
    legacy_summary = db.query(models.FeeSummary).filter(models.FeeSummary.student_id == student.id).first()
AttributeError: module 'models' has no attribute 'FeeSummary'

The above exception was the direct cause of the following exception:

client = <starlette.testclient.TestClient object at 0x0000026B5ECAFA60>

    def test_collect_partial_payment_success(client):
        global receipt_number
        collect_payload = {
            "student_id": student_id,
            "amount": 10000.00,
            "payment_mode": "UPI",
            "remarks": "Part payment of 10k",
            "allocations": [
                {"student_fee_due_id": tuition_due_id, "amount": 8000.00},
                {"student_fee_due_id": admission_due_id, "amount": 2000.00}
            ]
        }
>       res = client.post("/api/collections", json=collect_payload, headers=headers)

test_fee_crm.py:303: 
_ _ _ _ _ _ _ _ _ _ _ _ _ _ _ _ _ _ _ _ _ _ _ _ _ _ _ _ _ _ _ _ _ _ _ _ _ _ _ _
..\venv\lib\site-packages\starlette\testclient.py:560: in post
    return super().post(
..\venv\lib\site-packages\httpx\_client.py:1144: in post
    return self.request(
..\venv\lib\site-packages\starlette\testclient.py:459: in request
    return super().request(
..\venv\lib\site-packages\httpx\_client.py:825: in request
    return self.send(request, auth=auth, follow_redirects=follow_redirects)
..\venv\lib\site-packages\httpx\_client.py:914: in send
    response = self._send_handling_auth(
..\venv\lib\site-packages\httpx\_client.py:942: in _send_handling_auth
    response = self._send_handling_redirects(
..\venv\lib\site-packages\httpx\_client.py:979: in _send_handling_redirects
    response = self._send_single_request(request)
..\venv\lib\site-packages\httpx\_client.py:1014: in _send_single_request
    response = transport.handle_request(request)
..\venv\lib\site-packages\starlette\testclient.py:362: in handle_request
    raise exc
..\venv\lib\site-packages\starlette\testclient.py:359: in handle_request
    portal.call(self.app, scope, receive, send)
..\venv\lib\site-packages\anyio\from_thread.py:334: in call
    return cast(T_Retval, self.start_task_soon(func, *args).result())
C:\Users\khmee\AppData\Local\Programs\Python\Python310\lib\concurrent\futures\_base.py:458: in result
    return self.__get_result()
C:\Users\khmee\AppData\Local\Programs\Python\Python310\lib\concurrent\futures\_base.py:403: in __get_result
    raise self._exception
..\venv\lib\site-packages\anyio\from_thread.py:259: in _call_func
    retval = await retval_or_awaitable
..\venv\lib\site-packages\fastapi\applications.py:1159: in __call__
    await super().__call__(scope, receive, send)
..\venv\lib\site-packages\starlette\applications.py:90: in __call__
    await self.middleware_stack(scope, receive, send)
..\venv\lib\site-packages\starlette\middleware\errors.py:186: in __call__
    raise exc
..\venv\lib\site-packages\starlette\middleware\errors.py:164: in __call__
    await self.app(scope, receive, _send)
..\venv\lib\site-packages\starlette\middleware\base.py:191: in __call__
    with recv_stream, send_stream, collapse_excgroups():
C:\Users\khmee\AppData\Local\Programs\Python\Python310\lib\contextlib.py:153: in __exit__
    self.gen.throw(typ, value, traceback)
..\venv\lib\site-packages\starlette\_utils.py:87: in collapse_excgroups
    raise exc
..\venv\lib\site-packages\starlette\middleware\base.py:193: in __call__
    response = await self.dispatch_func(request, call_next)
main.py:223: in csrf_middleware
    response = await call_next(request)
..\venv\lib\site-packages\starlette\middleware\base.py:168: in call_next
    raise app_exc from app_exc.__cause__ or app_exc.__context__
..\venv\lib\site-packages\starlette\middleware\base.py:144: in coro
    await self.app(scope, receive_or_disconnect, send_no_error)
..\venv\lib\site-packages\starlette\middleware\base.py:191: in __call__
    with recv_stream, send_stream, collapse_excgroups():
C:\Users\khmee\AppData\Local\Programs\Python\Python310\lib\contextlib.py:153: in __exit__
    self.gen.throw(typ, value, traceback)
..\venv\lib\site-packages\starlette\_utils.py:87: in collapse_excgroups
    raise exc
..\venv\lib\site-packages\starlette\middleware\base.py:193: in __call__
    response = await self.dispatch_func(request, call_next)
main.py:106: in access_log_middleware
    response = await call_next(request)
..\venv\lib\site-packages\starlette\middleware\base.py:168: in call_next
    raise app_exc from app_exc.__cause__ or app_exc.__context__
..\venv\lib\site-packages\starlette\middleware\base.py:144: in coro
    await self.app(scope, receive_or_disconnect, send_no_error)
..\venv\lib\site-packages\starlette\middleware\cors.py:88: in __call__
    await self.app(scope, receive, send)
..\venv\lib\site-packages\asgi_correlation_id\middleware.py:90: in __call__
    await self.app(scope, receive, handle_outgoing_request)
..\venv\lib\site-packages\starlette\middleware\exceptions.py:63: in __call__
    await wrap_app_handling_exceptions(self.app, conn)(scope, receive, send)
..\venv\lib\site-packages\starlette\_exception_handler.py:53: in wrapped_app
    raise exc
..\venv\lib\site-packages\starlette\_exception_handler.py:42: in wrapped_app
    await app(scope, receive, sender)
..\venv\lib\site-packages\fastapi\middleware\asyncexitstack.py:18: in __call__
    await self.app(scope, receive, send)
..\venv\lib\site-packages\starlette\routing.py:660: in __call__
    await self.middleware_stack(scope, receive, send)
..\venv\lib\site-packages\starlette\routing.py:680: in app
    await route.handle(scope, receive, send)
..\venv\lib\site-packages\starlette\routing.py:276: in handle
    await self.app(scope, receive, send)
..\venv\lib\site-packages\fastapi\routing.py:134: in app
    await wrap_app_handling_exceptions(app, request)(scope, receive, send)
..\venv\lib\site-packages\starlette\_exception_handler.py:53: in wrapped_app
    raise exc
..\venv\lib\site-packages\starlette\_exception_handler.py:42: in wrapped_app
    await app(scope, receive, sender)
..\venv\lib\site-packages\fastapi\routing.py:120: in app
    response = await f(request)
..\venv\lib\site-packages\fastapi\routing.py:674: in app
    raw_response = await run_endpoint_function(
..\venv\lib\site-packages\fastapi\routing.py:330: in run_endpoint_function
    return await run_in_threadpool(dependant.call, **values)
..\venv\lib\site-packages\starlette\concurrency.py:32: in run_in_threadpool
    return await anyio.to_thread.run_sync(func)
..\venv\lib\site-packages\anyio\to_thread.py:63: in run_sync
    return await get_async_backend().run_sync_in_worker_thread(
..\venv\lib\site-packages\anyio\_backends\_asyncio.py:2518: in run_sync_in_worker_thread
    return await future
..\venv\lib\site-packages\anyio\_backends\_asyncio.py:1002: in run
    result = context.run(func, *args)
_ _ _ _ _ _ _ _ _ _ _ _ _ _ _ _ _ _ _ _ _ _ _ _ _ _ _ _ _ _ _ _ _ _ _ _ _ _ _ _

payload = CollectionCreate(student_id='69be99aa-51e2-4f5f-a2ee-6a6fe18932a7', amount=Decimal('10000.0'), payment_mode='UPI', pay...mal('8000.0')), AllocationCreate(student_fee_due_id='950e8e33-718a-4be5-b77e-622baef39e51', amount=Decimal('2000.0'))])
db = <sqlalchemy.orm.session.Session object at 0x0000026B606B64D0>
current_user = <models.User object at 0x0000026B606B5D50>

    @app.post("/api/collections", response_model=schemas.Receipt)
    def collect_payment(payload: schemas.CollectionCreate, db: Session = Depends(get_db), current_user: models.User = Depends(get_current_user)):
        check_role(current_user, ["Super Admin", "Branch Admin", "Accountant"])
    
        student = db.query(models.Student).filter(models.Student.id == payload.student_id).first()
        if not student:
            raise HTTPException(status_code=404, detail="Student not found")
    
        mapping = db.query(models.StudentFeeMapping).filter(models.StudentFeeMapping.student_id == payload.student_id).first()
        if not mapping:
            raise HTTPException(status_code=400, detail="Student has no assigned fees")
    
        # Check that sum of allocations equals payload.amount
        alloc_total = sum(decimal.Decimal(str(a.amount)) for a in payload.allocations)
        if alloc_total != decimal.Decimal(str(payload.amount)):
            raise HTTPException(status_code=400, detail="The sum of allocations must equal the total payment amount")
    
        # Pre-validate all allocations to ensure they don't overpay any due item
        for alloc in payload.allocations:
            due_item = db.query(models.StudentFeeDue).filter(models.StudentFeeDue.id == alloc.student_fee_due_id).first()
            if not due_item:
                raise HTTPException(status_code=404, detail=f"Due item {alloc.student_fee_due_id} not found")
            if decimal.Decimal(str(alloc.amount)) > due_item.balance_amount:
                raise HTTPException(status_code=400, detail=f"Allocation amount {alloc.amount} exceeds due balance {due_item.balance_amount} for due item {due_item.fee_head_name}")
    
        receipt_no = f"REC-{datetime.now().strftime('%Y%m%d')}-{secrets.token_hex(3).upper()}"
    
        db_receipt = models.Receipt(
            receipt_number=receipt_no,
            student_id=student.id,
            class_id=student.class_id,
            branch_id=student.branch_id,
            total_amount=mapping.outstanding_amount,
            paid_amount=payload.amount,
            balance_amount=mapping.outstanding_amount - payload.amount,
            payment_mode=payload.payment_mode,
            collected_by=current_user.id,
            remarks=payload.remarks,
            payment_date=payload.payment_date or datetime.utcnow()
        )
        db.add(db_receipt)
        db.commit()
        db.refresh(db_receipt)
    
        allocated_sum = decimal.Decimal("0.00")
        for alloc in payload.allocations:
            due_item = db.query(models.StudentFeeDue).filter(models.StudentFeeDue.id == alloc.student_fee_due_id).first()
            if not due_item:
                raise HTTPException(status_code=404, detail="Due item not found")
    
            due_item.paid_amount += alloc.amount
            due_item.balance_amount = due_item.payable_amount - due_item.paid_amount
    
            if due_item.balance_amount <= 0:
                due_item.status = "Paid"
            elif due_item.paid_amount > 0:
                due_item.status = "Partially Paid"
    
            allocated_sum += alloc.amount
    
            db_coll = models.Collection(
                receipt_id=db_receipt.id,
                student_fee_due_id=due_item.id,
                amount=alloc.amount
            )
            db.add(db_coll)
    
        mapping.outstanding_amount -= allocated_sum
        db_receipt.balance_amount = mapping.outstanding_amount
    
        # Compatibility sync
>       legacy_summary = db.query(models.FeeSummary).filter(models.FeeSummary.student_id == student.id).first()
E       AttributeError: module 'models' has no attribute 'FeeSummary'

main.py:1167: AttributeError
---------------------------- Captured stderr call -----------------------------
{"asctime": "2026-06-19 10:26:52,604", "levelname": "ERROR", "name": "main", "correlation_id": null, "message": "Unhandled exception during POST /api/collections", "exc_info": "  + Exception Group Traceback (most recent call last):\n  |   File \"E:\\CRM_Cocoonz\\venv\\lib\\site-packages\\starlette\\_utils.py\", line 81, in collapse_excgroups\n  |     yield\n  |   File \"E:\\CRM_Cocoonz\\venv\\lib\\site-packages\\starlette\\middleware\\base.py\", line 192, in __call__\n  |     async with anyio.create_task_group() as task_group:\n  |   File \"E:\\CRM_Cocoonz\\venv\\lib\\site-packages\\anyio\\_backends\\_asyncio.py\", line 799, in __aexit__\n  |     raise BaseExceptionGroup(\n  | exceptiongroup.ExceptionGroup: unhandled errors in a TaskGroup (1 sub-exception)\n  +-+---------------- 1 ----------------\n    | Traceback (most recent call last):\n    |   File \"E:\\CRM_Cocoonz\\venv\\lib\\site-packages\\starlette\\middleware\\errors.py\", line 164, in __call__\n    |     await self.app(scope, receive, _send)\n    |   File \"E:\\CRM_Cocoonz\\venv\\lib\\site-packages\\starlette\\middleware\\base.py\", line 191, in __call__\n    |     with recv_stream, send_stream, collapse_excgroups():\n    |   File \"C:\\Users\\khmee\\AppData\\Local\\Programs\\Python\\Python310\\lib\\contextlib.py\", line 153, in __exit__\n    |     self.gen.throw(typ, value, traceback)\n    |   File \"E:\\CRM_Cocoonz\\venv\\lib\\site-packages\\starlette\\_utils.py\", line 87, in collapse_excgroups\n    |     raise exc\n    |   File \"E:\\CRM_Cocoonz\\venv\\lib\\site-packages\\starlette\\middleware\\base.py\", line 193, in __call__\n    |     response = await self.dispatch_func(request, call_next)\n    |   File \"E:\\CRM_Cocoonz\\backend\\main.py\", line 223, in csrf_middleware\n    |     response = await call_next(request)\n    |   File \"E:\\CRM_Cocoonz\\venv\\lib\\site-packages\\starlette\\middleware\\base.py\", line 168, in call_next\n    |     raise app_exc from app_exc.__cause__ or app_exc.__context__\n    |   File \"E:\\CRM_Cocoonz\\venv\\lib\\site-packages\\starlette\\middleware\\base.py\", line 144, in coro\n    |     await self.app(scope, receive_or_disconnect, send_no_error)\n    |   File \"E:\\CRM_Cocoonz\\venv\\lib\\site-packages\\starlette\\middleware\\base.py\", line 191, in __call__\n    |     with recv_stream, send_stream, collapse_excgroups():\n    |   File \"C:\\Users\\khmee\\AppData\\Local\\Programs\\Python\\Python310\\lib\\contextlib.py\", line 153, in __exit__\n    |     self.gen.throw(typ, value, traceback)\n    |   File \"E:\\CRM_Cocoonz\\venv\\lib\\site-packages\\starlette\\_utils.py\", line 87, in collapse_excgroups\n    |     raise exc\n    |   File \"E:\\CRM_Cocoonz\\venv\\lib\\site-packages\\starlette\\middleware\\base.py\", line 193, in __call__\n    |     response = await self.dispatch_func(request, call_next)\n    |   File \"E:\\CRM_Cocoonz\\backend\\main.py\", line 106, in access_log_middleware\n    |     response = await call_next(request)\n    |   File \"E:\\CRM_Cocoonz\\venv\\lib\\site-packages\\starlette\\middleware\\base.py\", line 168, in call_next\n    |     raise app_exc from app_exc.__cause__ or app_exc.__context__\n    |   File \"E:\\CRM_Cocoonz\\venv\\lib\\site-packages\\starlette\\middleware\\base.py\", line 144, in coro\n    |     await self.app(scope, receive_or_disconnect, send_no_error)\n    |   File \"E:\\CRM_Cocoonz\\venv\\lib\\site-packages\\starlette\\middleware\\cors.py\", line 88, in __call__\n    |     await self.app(scope, receive, send)\n    |   File \"E:\\CRM_Cocoonz\\venv\\lib\\site-packages\\asgi_correlation_id\\middleware.py\", line 90, in __call__\n    |     await self.app(scope, receive, handle_outgoing_request)\n    |   File \"E:\\CRM_Cocoonz\\venv\\lib\\site-packages\\starlette\\middleware\\exceptions.py\", line 63, in __call__\n    |     await wrap_app_handling_exceptions(self.app, conn)(scope, receive, send)\n    |   File \"E:\\CRM_Cocoonz\\venv\\lib\\site-packages\\starlette\\_exception_handler.py\", line 53, in wrapped_app\n    |     raise exc\n    |   File \"E:\\CRM_Cocoonz\\venv\\lib\\site-packages\\starlette\\_exception_handler.py\", line 42, in wrapped_app\n    |     await app(scope, receive, sender)\n    |   File \"E:\\CRM_Cocoonz\\venv\\lib\\site-packages\\fastapi\\middleware\\asyncexitstack.py\", line 18, in __call__\n    |     await self.app(scope, receive, send)\n    |   File \"E:\\CRM_Cocoonz\\venv\\lib\\site-packages\\starlette\\routing.py\", line 660, in __call__\n    |     await self.middleware_stack(scope, receive, send)\n    |   File \"E:\\CRM_Cocoonz\\venv\\lib\\site-packages\\starlette\\routing.py\", line 680, in app\n    |     await route.handle(scope, receive, send)\n    |   File \"E:\\CRM_Cocoonz\\venv\\lib\\site-packages\\starlette\\routing.py\", line 276, in handle\n    |     await self.app(scope, receive, send)\n    |   File \"E:\\CRM_Cocoonz\\venv\\lib\\site-packages\\fastapi\\routing.py\", line 134, in app\n    |     await wrap_app_handling_exceptions(app, request)(scope, receive, send)\n    |   File \"E:\\CRM_Cocoonz\\venv\\lib\\site-packages\\starlette\\_exception_handler.py\", line 53, in wrapped_app\n    |     raise exc\n    |   File \"E:\\CRM_Cocoonz\\venv\\lib\\site-packages\\starlette\\_exception_handler.py\", line 42, in wrapped_app\n    |     await app(scope, receive, sender)\n    |   File \"E:\\CRM_Cocoonz\\venv\\lib\\site-packages\\fastapi\\routing.py\", line 120, in app\n    |     response = await f(request)\n    |   File \"E:\\CRM_Cocoonz\\venv\\lib\\site-packages\\fastapi\\routing.py\", line 674, in app\n    |     raw_response = await run_endpoint_function(\n    |   File \"E:\\CRM_Cocoonz\\venv\\lib\\site-packages\\fastapi\\routing.py\", line 330, in run_endpoint_function\n    |     return await run_in_threadpool(dependant.call, **values)\n    |   File \"E:\\CRM_Cocoonz\\venv\\lib\\site-packages\\starlette\\concurrency.py\", line 32, in run_in_threadpool\n    |     return await anyio.to_thread.run_sync(func)\n    |   File \"E:\\CRM_Cocoonz\\venv\\lib\\site-packages\\anyio\\to_thread.py\", line 63, in run_sync\n    |     return await get_async_backend().run_sync_in_worker_thread(\n    |   File \"E:\\CRM_Cocoonz\\venv\\lib\\site-packages\\anyio\\_backends\\_asyncio.py\", line 2518, in run_sync_in_worker_thread\n    |     return await future\n    |   File \"E:\\CRM_Cocoonz\\venv\\lib\\site-packages\\anyio\\_backends\\_asyncio.py\", line 1002, in run\n    |     result = context.run(func, *args)\n    |   File \"E:\\CRM_Cocoonz\\backend\\main.py\", line 1167, in collect_payment\n    |     legacy_summary = db.query(models.FeeSummary).filter(models.FeeSummary.student_id == student.id).first()\n    | AttributeError: module 'models' has no attribute 'FeeSummary'\n    +------------------------------------\n\nThe above exception was the direct cause of the following exception:\n\nTraceback (most recent call last):\n  File \"E:\\CRM_Cocoonz\\venv\\lib\\site-packages\\starlette\\middleware\\errors.py\", line 164, in __call__\n    await self.app(scope, receive, _send)\n  File \"E:\\CRM_Cocoonz\\venv\\lib\\site-packages\\starlette\\middleware\\base.py\", line 191, in __call__\n    with recv_stream, send_stream, collapse_excgroups():\n  File \"C:\\Users\\khmee\\AppData\\Local\\Programs\\Python\\Python310\\lib\\contextlib.py\", line 153, in __exit__\n    self.gen.throw(typ, value, traceback)\n  File \"E:\\CRM_Cocoonz\\venv\\lib\\site-packages\\starlette\\_utils.py\", line 87, in collapse_excgroups\n    raise exc\n  File \"E:\\CRM_Cocoonz\\venv\\lib\\site-packages\\starlette\\middleware\\base.py\", line 193, in __call__\n    response = await self.dispatch_func(request, call_next)\n  File \"E:\\CRM_Cocoonz\\backend\\main.py\", line 223, in csrf_middleware\n    response = await call_next(request)\n  File \"E:\\CRM_Cocoonz\\venv\\lib\\site-packages\\starlette\\middleware\\base.py\", line 168, in call_next\n    raise app_exc from app_exc.__cause__ or app_exc.__context__\n  File \"E:\\CRM_Cocoonz\\venv\\lib\\site-packages\\starlette\\middleware\\base.py\", line 144, in coro\n    await self.app(scope, receive_or_disconnect, send_no_error)\n  File \"E:\\CRM_Cocoonz\\venv\\lib\\site-packages\\starlette\\middleware\\base.py\", line 191, in __call__\n    with recv_stream, send_stream, collapse_excgroups():\n  File \"C:\\Users\\khmee\\AppData\\Local\\Programs\\Python\\Python310\\lib\\contextlib.py\", line 153, in __exit__\n    self.gen.throw(typ, value, traceback)\n  File \"E:\\CRM_Cocoonz\\venv\\lib\\site-packages\\starlette\\_utils.py\", line 87, in collapse_excgroups\n    raise exc\n  File \"E:\\CRM_Cocoonz\\venv\\lib\\site-packages\\starlette\\middleware\\base.py\", line 193, in __call__\n    response = await self.dispatch_func(request, call_next)\n  File \"E:\\CRM_Cocoonz\\backend\\main.py\", line 106, in access_log_middleware\n    response = await call_next(request)\n  File \"E:\\CRM_Cocoonz\\venv\\lib\\site-packages\\starlette\\middleware\\base.py\", line 168, in call_next\n    raise app_exc from app_exc.__cause__ or app_exc.__context__\n  File \"E:\\CRM_Cocoonz\\venv\\lib\\site-packages\\starlette\\middleware\\base.py\", line 144, in coro\n    await self.app(scope, receive_or_disconnect, send_no_error)\n  File \"E:\\CRM_Cocoonz\\venv\\lib\\site-packages\\starlette\\middleware\\cors.py\", line 88, in __call__\n    await self.app(scope, receive, send)\n  File \"E:\\CRM_Cocoonz\\venv\\lib\\site-packages\\asgi_correlation_id\\middleware.py\", line 90, in __call__\n    await self.app(scope, receive, handle_outgoing_request)\n  File \"E:\\CRM_Cocoonz\\venv\\lib\\site-packages\\starlette\\middleware\\exceptions.py\", line 63, in __call__\n    await wrap_app_handling_exceptions(self.app, conn)(scope, receive, send)\n  File \"E:\\CRM_Cocoonz\\venv\\lib\\site-packages\\starlette\\_exception_handler.py\", line 53, in wrapped_app\n    raise exc\n  File \"E:\\CRM_Cocoonz\\venv\\lib\\site-packages\\starlette\\_exception_handler.py\", line 42, in wrapped_app\n    await app(scope, receive, sender)\n  File \"E:\\CRM_Cocoonz\\venv\\lib\\site-packages\\fastapi\\middleware\\asyncexitstack.py\", line 18, in __call__\n    await self.app(scope, receive, send)\n  File \"E:\\CRM_Cocoonz\\venv\\lib\\site-packages\\starlette\\routing.py\", line 660, in __call__\n    await self.middleware_stack(scope, receive, send)\n  File \"E:\\CRM_Cocoonz\\venv\\lib\\site-packages\\starlette\\routing.py\", line 680, in app\n    await route.handle(scope, receive, send)\n  File \"E:\\CRM_Cocoonz\\venv\\lib\\site-packages\\starlette\\routing.py\", line 276, in handle\n    await self.app(scope, receive, send)\n  File \"E:\\CRM_Cocoonz\\venv\\lib\\site-packages\\fastapi\\routing.py\", line 134, in app\n    await wrap_app_handling_exceptions(app, request)(scope, receive, send)\n  File \"E:\\CRM_Cocoonz\\venv\\lib\\site-packages\\starlette\\_exception_handler.py\", line 53, in wrapped_app\n    raise exc\n  File \"E:\\CRM_Cocoonz\\venv\\lib\\site-packages\\starlette\\_exception_handler.py\", line 42, in wrapped_app\n    await app(scope, receive, sender)\n  File \"E:\\CRM_Cocoonz\\venv\\lib\\site-packages\\fastapi\\routing.py\", line 120, in app\n    response = await f(request)\n  File \"E:\\CRM_Cocoonz\\venv\\lib\\site-packages\\fastapi\\routing.py\", line 674, in app\n    raw_response = await run_endpoint_function(\n  File \"E:\\CRM_Cocoonz\\venv\\lib\\site-packages\\fastapi\\routing.py\", line 330, in run_endpoint_function\n    return await run_in_threadpool(dependant.call, **values)\n  File \"E:\\CRM_Cocoonz\\venv\\lib\\site-packages\\starlette\\concurrency.py\", line 32, in run_in_threadpool\n    return await anyio.to_thread.run_sync(func)\n  File \"E:\\CRM_Cocoonz\\venv\\lib\\site-packages\\anyio\\to_thread.py\", line 63, in run_sync\n    return await get_async_backend().run_sync_in_worker_thread(\n  File \"E:\\CRM_Cocoonz\\venv\\lib\\site-packages\\anyio\\_backends\\_asyncio.py\", line 2518, in run_sync_in_worker_thread\n    return await future\n  File \"E:\\CRM_Cocoonz\\venv\\lib\\site-packages\\anyio\\_backends\\_asyncio.py\", line 1002, in run\n    result = context.run(func, *args)\n  File \"E:\\CRM_Cocoonz\\backend\\main.py\", line 1167, in collect_payment\n    legacy_summary = db.query(models.FeeSummary).filter(models.FeeSummary.student_id == student.id).first()\nAttributeError: module 'models' has no attribute 'FeeSummary'"}
------------------------------ Captured log call ------------------------------
ERROR    main:main.py:126 Unhandled exception during POST /api/collections
  + Exception Group Traceback (most recent call last):
  |   File "E:\CRM_Cocoonz\venv\lib\site-packages\starlette\_utils.py", line 81, in collapse_excgroups
  |     yield
  |   File "E:\CRM_Cocoonz\venv\lib\site-packages\starlette\middleware\base.py", line 192, in __call__
  |     async with anyio.create_task_group() as task_group:
  |   File "E:\CRM_Cocoonz\venv\lib\site-packages\anyio\_backends\_asyncio.py", line 799, in __aexit__
  |     raise BaseExceptionGroup(
  | exceptiongroup.ExceptionGroup: unhandled errors in a TaskGroup (1 sub-exception)
  +-+---------------- 1 ----------------
    | Traceback (most recent call last):
    |   File "E:\CRM_Cocoonz\venv\lib\site-packages\starlette\middleware\errors.py", line 164, in __call__
    |     await self.app(scope, receive, _send)
    |   File "E:\CRM_Cocoonz\venv\lib\site-packages\starlette\middleware\base.py", line 191, in __call__
    |     with recv_stream, send_stream, collapse_excgroups():
    |   File "C:\Users\khmee\AppData\Local\Programs\Python\Python310\lib\contextlib.py", line 153, in __exit__
    |     self.gen.throw(typ, value, traceback)
    |   File "E:\CRM_Cocoonz\venv\lib\site-packages\starlette\_utils.py", line 87, in collapse_excgroups
    |     raise exc
    |   File "E:\CRM_Cocoonz\venv\lib\site-packages\starlette\middleware\base.py", line 193, in __call__
    |     response = await self.dispatch_func(request, call_next)
    |   File "E:\CRM_Cocoonz\backend\main.py", line 223, in csrf_middleware
    |     response = await call_next(request)
    |   File "E:\CRM_Cocoonz\venv\lib\site-packages\starlette\middleware\base.py", line 168, in call_next
    |     raise app_exc from app_exc.__cause__ or app_exc.__context__
    |   File "E:\CRM_Cocoonz\venv\lib\site-packages\starlette\middleware\base.py", line 144, in coro
    |     await self.app(scope, receive_or_disconnect, send_no_error)
    |   File "E:\CRM_Cocoonz\venv\lib\site-packages\starlette\middleware\base.py", line 191, in __call__
    |     with recv_stream, send_stream, collapse_excgroups():
    |   File "C:\Users\khmee\AppData\Local\Programs\Python\Python310\lib\contextlib.py", line 153, in __exit__
    |     self.gen.throw(typ, value, traceback)
    |   File "E:\CRM_Cocoonz\venv\lib\site-packages\starlette\_utils.py", line 87, in collapse_excgroups
    |     raise exc
    |   File "E:\CRM_Cocoonz\venv\lib\site-packages\starlette\middleware\base.py", line 193, in __call__
    |     response = await self.dispatch_func(request, call_next)
    |   File "E:\CRM_Cocoonz\backend\main.py", line 106, in access_log_middleware
    |     response = await call_next(request)
    |   File "E:\CRM_Cocoonz\venv\lib\site-packages\starlette\middleware\base.py", line 168, in call_next
    |     raise app_exc from app_exc.__cause__ or app_exc.__context__
    |   File "E:\CRM_Cocoonz\venv\lib\site-packages\starlette\middleware\base.py", line 144, in coro
    |     await self.app(scope, receive_or_disconnect, send_no_error)
    |   File "E:\CRM_Cocoonz\venv\lib\site-packages\starlette\middleware\cors.py", line 88, in __call__
    |     await self.app(scope, receive, send)
    |   File "E:\CRM_Cocoonz\venv\lib\site-packages\asgi_correlation_id\middleware.py", line 90, in __call__
    |     await self.app(scope, receive, handle_outgoing_request)
    |   File "E:\CRM_Cocoonz\venv\lib\site-packages\starlette\middleware\exceptions.py", line 63, in __call__
    |     await wrap_app_handling_exceptions(self.app, conn)(scope, receive, send)
    |   File "E:\CRM_Cocoonz\venv\lib\site-packages\starlette\_exception_handler.py", line 53, in wrapped_app
    |     raise exc
    |   File "E:\CRM_Cocoonz\venv\lib\site-packages\starlette\_exception_handler.py", line 42, in wrapped_app
    |     await app(scope, receive, sender)
    |   File "E:\CRM_Cocoonz\venv\lib\site-packages\fastapi\middleware\asyncexitstack.py", line 18, in __call__
    |     await self.app(scope, receive, send)
    |   File "E:\CRM_Cocoonz\venv\lib\site-packages\starlette\routing.py", line 660, in __call__
    |     await self.middleware_stack(scope, receive, send)
    |   File "E:\CRM_Cocoonz\venv\lib\site-packages\starlette\routing.py", line 680, in app
    |     await route.handle(scope, receive, send)
    |   File "E:\CRM_Cocoonz\venv\lib\site-packages\starlette\routing.py", line 276, in handle
    |     await self.app(scope, receive, send)
    |   File "E:\CRM_Cocoonz\venv\lib\site-packages\fastapi\routing.py", line 134, in app
    |     await wrap_app_handling_exceptions(app, request)(scope, receive, send)
    |   File "E:\CRM_Cocoonz\venv\lib\site-packages\starlette\_exception_handler.py", line 53, in wrapped_app
    |     raise exc
    |   File "E:\CRM_Cocoonz\venv\lib\site-packages\starlette\_exception_handler.py", line 42, in wrapped_app
    |     await app(scope, receive, sender)
    |   File "E:\CRM_Cocoonz\venv\lib\site-packages\fastapi\routing.py", line 120, in app
    |     response = await f(request)
    |   File "E:\CRM_Cocoonz\venv\lib\site-packages\fastapi\routing.py", line 674, in app
    |     raw_response = await run_endpoint_function(
    |   File "E:\CRM_Cocoonz\venv\lib\site-packages\fastapi\routing.py", line 330, in run_endpoint_function
    |     return await run_in_threadpool(dependant.call, **values)
    |   File "E:\CRM_Cocoonz\venv\lib\site-packages\starlette\concurrency.py", line 32, in run_in_threadpool
    |     return await anyio.to_thread.run_sync(func)
    |   File "E:\CRM_Cocoonz\venv\lib\site-packages\anyio\to_thread.py", line 63, in run_sync
    |     return await get_async_backend().run_sync_in_worker_thread(
    |   File "E:\CRM_Cocoonz\venv\lib\site-packages\anyio\_backends\_asyncio.py", line 2518, in run_sync_in_worker_thread
    |     return await future
    |   File "E:\CRM_Cocoonz\venv\lib\site-packages\anyio\_backends\_asyncio.py", line 1002, in run
    |     result = context.run(func, *args)
    |   File "E:\CRM_Cocoonz\backend\main.py", line 1167, in collect_payment
    |     legacy_summary = db.query(models.FeeSummary).filter(models.FeeSummary.student_id == student.id).first()
    | AttributeError: module 'models' has no attribute 'FeeSummary'
    +------------------------------------

The above exception was the direct cause of the following exception:

Traceback (most recent call last):
  File "E:\CRM_Cocoonz\venv\lib\site-packages\starlette\middleware\errors.py", line 164, in __call__
    await self.app(scope, receive, _send)
  File "E:\CRM_Cocoonz\venv\lib\site-packages\starlette\middleware\base.py", line 191, in __call__
    with recv_stream, send_stream, collapse_excgroups():
  File "C:\Users\khmee\AppData\Local\Programs\Python\Python310\lib\contextlib.py", line 153, in __exit__
    self.gen.throw(typ, value, traceback)
  File "E:\CRM_Cocoonz\venv\lib\site-packages\starlette\_utils.py", line 87, in collapse_excgroups
    raise exc
  File "E:\CRM_Cocoonz\venv\lib\site-packages\starlette\middleware\base.py", line 193, in __call__
    response = await self.dispatch_func(request, call_next)
  File "E:\CRM_Cocoonz\backend\main.py", line 223, in csrf_middleware
    response = await call_next(request)
  File "E:\CRM_Cocoonz\venv\lib\site-packages\starlette\middleware\base.py", line 168, in call_next
    raise app_exc from app_exc.__cause__ or app_exc.__context__
  File "E:\CRM_Cocoonz\venv\lib\site-packages\starlette\middleware\base.py", line 144, in coro
    await self.app(scope, receive_or_disconnect, send_no_error)
  File "E:\CRM_Cocoonz\venv\lib\site-packages\starlette\middleware\base.py", line 191, in __call__
    with recv_stream, send_stream, collapse_excgroups():
  File "C:\Users\khmee\AppData\Local\Programs\Python\Python310\lib\contextlib.py", line 153, in __exit__
    self.gen.throw(typ, value, traceback)
  File "E:\CRM_Cocoonz\venv\lib\site-packages\starlette\_utils.py", line 87, in collapse_excgroups
    raise exc
  File "E:\CRM_Cocoonz\venv\lib\site-packages\starlette\middleware\base.py", line 193, in __call__
    response = await self.dispatch_func(request, call_next)
  File "E:\CRM_Cocoonz\backend\main.py", line 106, in access_log_middleware
    response = await call_next(request)
  File "E:\CRM_Cocoonz\venv\lib\site-packages\starlette\middleware\base.py", line 168, in call_next
    raise app_exc from app_exc.__cause__ or app_exc.__context__
  File "E:\CRM_Cocoonz\venv\lib\site-packages\starlette\middleware\base.py", line 144, in coro
    await self.app(scope, receive_or_disconnect, send_no_error)
  File "E:\CRM_Cocoonz\venv\lib\site-packages\starlette\middleware\cors.py", line 88, in __call__
    await self.app(scope, receive, send)
  File "E:\CRM_Cocoonz\venv\lib\site-packages\asgi_correlation_id\middleware.py", line 90, in __call__
    await self.app(scope, receive, handle_outgoing_request)
  File "E:\CRM_Cocoonz\venv\lib\site-packages\starlette\middleware\exceptions.py", line 63, in __call__
    await wrap_app_handling_exceptions(self.app, conn)(scope, receive, send)
  File "E:\CRM_Cocoonz\venv\lib\site-packages\starlette\_exception_handler.py", line 53, in wrapped_app
    raise exc
  File "E:\CRM_Cocoonz\venv\lib\site-packages\starlette\_exception_handler.py", line 42, in wrapped_app
    await app(scope, receive, sender)
  File "E:\CRM_Cocoonz\venv\lib\site-packages\fastapi\middleware\asyncexitstack.py", line 18, in __call__
    await self.app(scope, receive, send)
  File "E:\CRM_Cocoonz\venv\lib\site-packages\starlette\routing.py", line 660, in __call__
    await self.middleware_stack(scope, receive, send)
  File "E:\CRM_Cocoonz\venv\lib\site-packages\starlette\routing.py", line 680, in app
    await route.handle(scope, receive, send)
  File "E:\CRM_Cocoonz\venv\lib\site-packages\starlette\routing.py", line 276, in handle
    await self.app(scope, receive, send)
  File "E:\CRM_Cocoonz\venv\lib\site-packages\fastapi\routing.py", line 134, in app
    await wrap_app_handling_exceptions(app, request)(scope, receive, send)
  File "E:\CRM_Cocoonz\venv\lib\site-packages\starlette\_exception_handler.py", line 53, in wrapped_app
    raise exc
  File "E:\CRM_Cocoonz\venv\lib\site-packages\starlette\_exception_handler.py", line 42, in wrapped_app
    await app(scope, receive, sender)
  File "E:\CRM_Cocoonz\venv\lib\site-packages\fastapi\routing.py", line 120, in app
    response = await f(request)
  File "E:\CRM_Cocoonz\venv\lib\site-packages\fastapi\routing.py", line 674, in app
    raw_response = await run_endpoint_function(
  File "E:\CRM_Cocoonz\venv\lib\site-packages\fastapi\routing.py", line 330, in run_endpoint_function
    return await run_in_threadpool(dependant.call, **values)
  File "E:\CRM_Cocoonz\venv\lib\site-packages\starlette\concurrency.py", line 32, in run_in_threadpool
    return await anyio.to_thread.run_sync(func)
  File "E:\CRM_Cocoonz\venv\lib\site-packages\anyio\to_thread.py", line 63, in run_sync
    return await get_async_backend().run_sync_in_worker_thread(
  File "E:\CRM_Cocoonz\venv\lib\site-packages\anyio\_backends\_asyncio.py", line 2518, in run_sync_in_worker_thread
    return await future
  File "E:\CRM_Cocoonz\venv\lib\site-packages\anyio\_backends\_asyncio.py", line 1002, in run
    result = context.run(func, *args)
  File "E:\CRM_Cocoonz\backend\main.py", line 1167, in collect_payment
    legacy_summary = db.query(models.FeeSummary).filter(models.FeeSummary.student_id == student.id).first()
AttributeError: module 'models' has no attribute 'FeeSummary'
__________________________ test_get_receipt_details ___________________________

client = <starlette.testclient.TestClient object at 0x0000026B5ECAFA60>

    def test_get_receipt_details(client):
        res = client.get(f"/api/receipts/{receipt_number}", headers=headers)
>       assert res.status_code == 200
E       assert 404 == 200
E        +  where 404 = <Response [404 Not Found]>.status_code

test_fee_crm.py:312: AssertionError
---------------------------- Captured stderr call -----------------------------
{"asctime": "2026-06-19 10:26:52,899", "levelname": "INFO", "name": "httpx", "correlation_id": null, "message": "HTTP Request: GET http://testserver/api/receipts/None \"HTTP/1.1 404 Not Found\""}
------------------------------ Captured log call ------------------------------
INFO     httpx:_client.py:1025 HTTP Request: GET http://testserver/api/receipts/None "HTTP/1.1 404 Not Found"
____________________________ test_dashboard_stats _____________________________

client = <starlette.testclient.TestClient object at 0x0000026B5ECAFA60>

    def test_dashboard_stats(client):
        res = client.get("/api/dashboard/stats", headers=headers)
        assert res.status_code == 200
        data = res.json()
        assert float(data["todays_collection"]) == 10000.00
>       assert float(data["outstanding_dues"]) == 14000.00
E       AssertionError: assert 24000.0 == 14000.0
E        +  where 24000.0 = float('24000.00')

test_fee_crm.py:323: AssertionError
---------------------------- Captured stderr call -----------------------------
{"asctime": "2026-06-19 10:26:52,915", "levelname": "INFO", "name": "httpx", "correlation_id": null, "message": "HTTP Request: GET http://testserver/api/dashboard/stats \"HTTP/1.1 200 OK\""}
------------------------------ Captured log call ------------------------------
INFO     httpx:_client.py:1025 HTTP Request: GET http://testserver/api/dashboard/stats "HTTP/1.1 200 OK"
============================== warnings summary ===============================
..\venv\lib\site-packages\fastapi\testclient.py:1
  E:\CRM_Cocoonz\venv\lib\site-packages\fastapi\testclient.py:1: StarletteDeprecationWarning: Using `httpx` with `starlette.testclient` is deprecated; install `httpx2` instead.
    from starlette.testclient import TestClient as TestClient  # noqa

models.py:15
  E:\CRM_Cocoonz\backend\models.py:15: MovedIn20Warning: The ``declarative_base()`` function is now available as sqlalchemy.orm.declarative_base(). (deprecated since: 2.0) (Background on SQLAlchemy 2.0 at: https://sqlalche.me/e/b8d9)
    Base = declarative_base(metadata=metadata)

schemas.py:14
  E:\CRM_Cocoonz\backend\schemas.py:14: PydanticDeprecatedSince20: Support for class-based `config` is deprecated, use ConfigDict instead. Deprecated in Pydantic V2.0 to be removed in V3.0. See Pydantic V2 Migration Guide at https://errors.pydantic.dev/2.13/migration/
    class Role(RoleBase):

schemas.py:30
  E:\CRM_Cocoonz\backend\schemas.py:30: PydanticDeprecatedSince20: Support for class-based `config` is deprecated, use ConfigDict instead. Deprecated in Pydantic V2.0 to be removed in V3.0. See Pydantic V2 Migration Guide at https://errors.pydantic.dev/2.13/migration/
    class Branch(BranchBase):

schemas.py:56
  E:\CRM_Cocoonz\backend\schemas.py:56: PydanticDeprecatedSince20: Support for class-based `config` is deprecated, use ConfigDict instead. Deprecated in Pydantic V2.0 to be removed in V3.0. See Pydantic V2 Migration Guide at https://errors.pydantic.dev/2.13/migration/
    class User(UserBase):

schemas.py:71
  E:\CRM_Cocoonz\backend\schemas.py:71: PydanticDeprecatedSince20: Support for class-based `config` is deprecated, use ConfigDict instead. Deprecated in Pydantic V2.0 to be removed in V3.0. See Pydantic V2 Migration Guide at https://errors.pydantic.dev/2.13/migration/
    class Class(ClassBase):

schemas.py:91
  E:\CRM_Cocoonz\backend\schemas.py:91: PydanticDeprecatedSince20: Support for class-based `config` is deprecated, use ConfigDict instead. Deprecated in Pydantic V2.0 to be removed in V3.0. See Pydantic V2 Migration Guide at https://errors.pydantic.dev/2.13/migration/
    class Parent(ParentBase):

schemas.py:128
  E:\CRM_Cocoonz\backend\schemas.py:128: PydanticDeprecatedSince20: Support for class-based `config` is deprecated, use ConfigDict instead. Deprecated in Pydantic V2.0 to be removed in V3.0. See Pydantic V2 Migration Guide at https://errors.pydantic.dev/2.13/migration/
    class Student(StudentBase):

schemas.py:143
  E:\CRM_Cocoonz\backend\schemas.py:143: PydanticDeprecatedSince20: Support for class-based `config` is deprecated, use ConfigDict instead. Deprecated in Pydantic V2.0 to be removed in V3.0. See Pydantic V2 Migration Guide at https://errors.pydantic.dev/2.13/migration/
    class FeeHead(FeeHeadBase):

schemas.py:159
  E:\CRM_Cocoonz\backend\schemas.py:159: PydanticDeprecatedSince20: Support for class-based `config` is deprecated, use ConfigDict instead. Deprecated in Pydantic V2.0 to be removed in V3.0. See Pydantic V2 Migration Guide at https://errors.pydantic.dev/2.13/migration/
    class FeeStructure(FeeStructureBase):

schemas.py:178
  E:\CRM_Cocoonz\backend\schemas.py:178: PydanticDeprecatedSince20: Support for class-based `config` is deprecated, use ConfigDict instead. Deprecated in Pydantic V2.0 to be removed in V3.0. See Pydantic V2 Migration Guide at https://errors.pydantic.dev/2.13/migration/
    class StudentFeeDue(StudentFeeDueBase):

schemas.py:190
  E:\CRM_Cocoonz\backend\schemas.py:190: PydanticDeprecatedSince20: Support for class-based `config` is deprecated, use ConfigDict instead. Deprecated in Pydantic V2.0 to be removed in V3.0. See Pydantic V2 Migration Guide at https://errors.pydantic.dev/2.13/migration/
    class StudentFeeMapping(StudentFeeMappingBase):

schemas.py:215
  E:\CRM_Cocoonz\backend\schemas.py:215: PydanticDeprecatedSince20: Support for class-based `config` is deprecated, use ConfigDict instead. Deprecated in Pydantic V2.0 to be removed in V3.0. See Pydantic V2 Migration Guide at https://errors.pydantic.dev/2.13/migration/
    class Collection(BaseModel):

schemas.py:245
  E:\CRM_Cocoonz\backend\schemas.py:245: PydanticDeprecatedSince20: Support for class-based `config` is deprecated, use ConfigDict instead. Deprecated in Pydantic V2.0 to be removed in V3.0. See Pydantic V2 Migration Guide at https://errors.pydantic.dev/2.13/migration/
    class Receipt(BaseModel):

schemas.py:267
  E:\CRM_Cocoonz\backend\schemas.py:267: PydanticDeprecatedSince20: Support for class-based `config` is deprecated, use ConfigDict instead. Deprecated in Pydantic V2.0 to be removed in V3.0. See Pydantic V2 Migration Guide at https://errors.pydantic.dev/2.13/migration/
    class AuditLog(AuditLogBase):

schemas.py:282
  E:\CRM_Cocoonz\backend\schemas.py:282: PydanticDeprecatedSince20: Support for class-based `config` is deprecated, use ConfigDict instead. Deprecated in Pydantic V2.0 to be removed in V3.0. See Pydantic V2 Migration Guide at https://errors.pydantic.dev/2.13/migration/
    class NotificationLog(BaseModel):

schemas.py:315
  E:\CRM_Cocoonz\backend\schemas.py:315: PydanticDeprecatedSince20: Support for class-based `config` is deprecated, use ConfigDict instead. Deprecated in Pydantic V2.0 to be removed in V3.0. See Pydantic V2 Migration Guide at https://errors.pydantic.dev/2.13/migration/
    class Attendance(AttendanceBase):

schemas.py:320
  E:\CRM_Cocoonz\backend\schemas.py:320: PydanticDeprecatedSince20: Support for class-based `config` is deprecated, use ConfigDict instead. Deprecated in Pydantic V2.0 to be removed in V3.0. See Pydantic V2 Migration Guide at https://errors.pydantic.dev/2.13/migration/
    class FeeSummary(BaseModel):

schemas.py:328
  E:\CRM_Cocoonz\backend\schemas.py:328: PydanticDeprecatedSince20: Support for class-based `config` is deprecated, use ConfigDict instead. Deprecated in Pydantic V2.0 to be removed in V3.0. See Pydantic V2 Migration Guide at https://errors.pydantic.dev/2.13/migration/
    class PaymentHistory(BaseModel):

schemas.py:351
  E:\CRM_Cocoonz\backend\schemas.py:351: PydanticDeprecatedSince20: Support for class-based `config` is deprecated, use ConfigDict instead. Deprecated in Pydantic V2.0 to be removed in V3.0. See Pydantic V2 Migration Guide at https://errors.pydantic.dev/2.13/migration/
    class Staff(StaffBase):

schemas.py:375
  E:\CRM_Cocoonz\backend\schemas.py:375: PydanticDeprecatedSince20: Support for class-based `config` is deprecated, use ConfigDict instead. Deprecated in Pydantic V2.0 to be removed in V3.0. See Pydantic V2 Migration Guide at https://errors.pydantic.dev/2.13/migration/
    class LedgerEntry(LedgerEntryCreate):

schemas.py:390
  E:\CRM_Cocoonz\backend\schemas.py:390: PydanticDeprecatedSince20: Support for class-based `config` is deprecated, use ConfigDict instead. Deprecated in Pydantic V2.0 to be removed in V3.0. See Pydantic V2 Migration Guide at https://errors.pydantic.dev/2.13/migration/
    class TimeTable(TimeTableBase):

schemas.py:401
  E:\CRM_Cocoonz\backend\schemas.py:401: PydanticDeprecatedSince20: Support for class-based `config` is deprecated, use ConfigDict instead. Deprecated in Pydantic V2.0 to be removed in V3.0. See Pydantic V2 Migration Guide at https://errors.pydantic.dev/2.13/migration/
    class ProxyAssignment(ProxyAssignmentCreate):

schemas.py:417
  E:\CRM_Cocoonz\backend\schemas.py:417: PydanticDeprecatedSince20: Support for class-based `config` is deprecated, use ConfigDict instead. Deprecated in Pydantic V2.0 to be removed in V3.0. See Pydantic V2 Migration Guide at https://errors.pydantic.dev/2.13/migration/
    class BusTrip(BusTripBase):

..\venv\lib\site-packages\pythonjsonlogger\jsonlogger.py:11
  E:\CRM_Cocoonz\venv\lib\site-packages\pythonjsonlogger\jsonlogger.py:11: DeprecationWarning: pythonjsonlogger.jsonlogger has been moved to pythonjsonlogger.json
    warnings.warn(

main.py:227
  E:\CRM_Cocoonz\backend\main.py:227: DeprecationWarning: 
          on_event is deprecated, use lifespan event handlers instead.
  
          Read more about it in the
          [FastAPI docs for Lifespan Events](https://fastapi.tiangolo.com/advanced/events/).
          
    @app.on_event("startup")

..\venv\lib\site-packages\fastapi\applications.py:4598
  E:\CRM_Cocoonz\venv\lib\site-packages\fastapi\applications.py:4598: DeprecationWarning: 
          on_event is deprecated, use lifespan event handlers instead.
  
          Read more about it in the
          [FastAPI docs for Lifespan Events](https://fastapi.tiangolo.com/advanced/events/).
          
    return self.router.on_event(event_type)  # ty: ignore[deprecated]

test_fee_crm.py::test_create_branch_success
  E:\CRM_Cocoonz\backend\main.py:457: PydanticDeprecatedSince20: The `dict` method is deprecated; use `model_dump` instead. Deprecated in Pydantic V2.0 to be removed in V3.0. See Pydantic V2 Migration Guide at https://errors.pydantic.dev/2.13/migration/
    db_branch = models.Branch(**branch.dict())

test_fee_crm.py::test_get_classes
  E:\CRM_Cocoonz\backend\main.py:532: PydanticDeprecatedSince20: The `from_orm` method is deprecated; set `model_config['from_attributes']=True` and use `model_validate` instead. Deprecated in Pydantic V2.0 to be removed in V3.0. See Pydantic V2 Migration Guide at https://errors.pydantic.dev/2.13/migration/
    res = schemas.Class.from_orm(c)

test_fee_crm.py::test_create_fee_structures
test_fee_crm.py::test_create_fee_structures
  E:\CRM_Cocoonz\backend\main.py:1012: PydanticDeprecatedSince20: The `dict` method is deprecated; use `model_dump` instead. Deprecated in Pydantic V2.0 to be removed in V3.0. See Pydantic V2 Migration Guide at https://errors.pydantic.dev/2.13/migration/
    db_fs = models.FeeStructure(**fs.dict())

test_fee_crm.py::test_reports_generation_pdf
  E:\CRM_Cocoonz\backend\services.py:141: DeprecationWarning: Substituting font arial by core font helvetica - This is deprecated since v2.7.8, and will soon be removed
    pdf.set_font("Arial", 'B', 14)

test_fee_crm.py::test_reports_generation_pdf
  E:\CRM_Cocoonz\backend\services.py:142: DeprecationWarning: The parameter "txt" has been renamed to "text" in 2.7.6
    pdf.cell(190, 10, txt=title, ln=True, align='C')

test_fee_crm.py::test_reports_generation_pdf
  E:\CRM_Cocoonz\backend\services.py:142: DeprecationWarning: The parameter "ln" is deprecated since v2.5.2. Instead of ln=True use new_x=XPos.LMARGIN, new_y=YPos.NEXT.
    pdf.cell(190, 10, txt=title, ln=True, align='C')

test_fee_crm.py::test_reports_generation_pdf
  E:\CRM_Cocoonz\backend\services.py:150: DeprecationWarning: Substituting font arial by core font helvetica - This is deprecated since v2.7.8, and will soon be removed
    pdf.set_font("Arial", 'B', 8)

test_fee_crm.py::test_reports_generation_pdf
  E:\CRM_Cocoonz\backend\services.py:156: DeprecationWarning: Substituting font arial by core font helvetica - This is deprecated since v2.7.8, and will soon be removed
    pdf.set_font("Arial", size=8)

-- Docs: https://docs.pytest.org/en/stable/how-to/capture-warnings.html
=========================== short test summary info ===========================
FAILED test_fee_crm.py::test_assign_student_fees_and_discount - AttributeErro...
FAILED test_fee_crm.py::test_collect_partial_payment_success - AttributeError...
FAILED test_fee_crm.py::test_get_receipt_details - assert 404 == 200
FAILED test_fee_crm.py::test_dashboard_stats - AssertionError: assert 24000.0...
================== 4 failed, 24 passed, 36 warnings in 2.07s ==================
